[robert@localhost ~]$ cd mysql_robert
[robert@localhost mysql_robert]$ ls
20210614_console.txt  horsebarn2.sql                      pet.txt
avs196.txt            impteat.txt                         staff.txt
avs303.txt            insert_data_from_another_table.txt  summer2021.txt
avs397.txt            mysqldump.txt                       test_db.sql
event.txt             mysqlimport.txt
[robert@localhost mysql_robert]$ cat mysqldump.txt 
mysql> USE horsebarn2;
Reading table information for completion of table and column names
You can turn off this feature to get a quicker startup with -A

Database changed
mysql> SHOW TABLES;
+----------------------+
| Tables_in_horsebarn2 |
+----------------------+
| avs196               |
| avs303               |
| avs397               |
| donors               |
| events               |
| horses               |
| physicalexams        |
| reporters            |
| staff                |
| summer2021           |
+----------------------+
10 rows in set (0.00 sec)

mysql> EXIT
Bye
[robert@localhost mysql_robert]$ mysqldump -u root -p horsebarn2 > horsebarn2.sql
Enter password: 
[robert@localhost mysql_robert]$ cat horsebarn2.sql 
-- MySQL dump 10.13  Distrib 8.0.25, for Linux (x86_64)
--
-- Host: localhost    Database: horsebarn2
-- ------------------------------------------------------
-- Server version	8.0.25

/*!40101 SET @OLD_CHARACTER_SET_CLIENT=@@CHARACTER_SET_CLIENT */;
/*!40101 SET @OLD_CHARACTER_SET_RESULTS=@@CHARACTER_SET_RESULTS */;
/*!40101 SET @OLD_COLLATION_CONNECTION=@@COLLATION_CONNECTION */;
/*!50503 SET NAMES utf8mb4 */;
/*!40103 SET @OLD_TIME_ZONE=@@TIME_ZONE */;
/*!40103 SET TIME_ZONE='+00:00' */;
/*!40014 SET @OLD_UNIQUE_CHECKS=@@UNIQUE_CHECKS, UNIQUE_CHECKS=0 */;
/*!40014 SET @OLD_FOREIGN_KEY_CHECKS=@@FOREIGN_KEY_CHECKS, FOREIGN_KEY_CHECKS=0 */;
/*!40101 SET @OLD_SQL_MODE=@@SQL_MODE, SQL_MODE='NO_AUTO_VALUE_ON_ZERO' */;
/*!40111 SET @OLD_SQL_NOTES=@@SQL_NOTES, SQL_NOTES=0 */;

--
-- Table structure for table `avs196`
--

DROP TABLE IF EXISTS `avs196`;
/*!40101 SET @saved_cs_client     = @@character_set_client */;
/*!50503 SET character_set_client = utf8mb4 */;
CREATE TABLE `avs196` (
  `student_id` varchar(10) DEFAULT NULL,
  `name` varchar(30) DEFAULT NULL,
  `phone` varchar(12) DEFAULT NULL,
  `email` varchar(40) DEFAULT NULL,
  `class` varchar(20) DEFAULT NULL
) ENGINE=InnoDB DEFAULT CHARSET=utf8mb4 COLLATE=utf8mb4_0900_ai_ci;
/*!40101 SET character_set_client = @saved_cs_client */;

--
-- Dumping data for table `avs196`
--

LOCK TABLES `avs196` WRITE;
/*!40000 ALTER TABLE `avs196` DISABLE KEYS */;
INSERT INTO `avs196` VALUES ('1043887','Martin,Abi J','207/930-5436','abigail.j.martin@maine.edu','AVS196'),('0050479','McGregor,Mary M','815/245-5993','mary.m.mcgregor@maine.edu','AVS196');
/*!40000 ALTER TABLE `avs196` ENABLE KEYS */;
UNLOCK TABLES;

--
-- Table structure for table `avs303`
--

DROP TABLE IF EXISTS `avs303`;
/*!40101 SET @saved_cs_client     = @@character_set_client */;
/*!50503 SET character_set_client = utf8mb4 */;
CREATE TABLE `avs303` (
  `student_id` varchar(10) DEFAULT NULL,
  `name` varchar(30) DEFAULT NULL,
  `phone` varchar(12) DEFAULT NULL,
  `email` varchar(40) DEFAULT NULL,
  `class` varchar(20) DEFAULT NULL
) ENGINE=InnoDB DEFAULT CHARSET=utf8mb4 COLLATE=utf8mb4_0900_ai_ci;
/*!40101 SET character_set_client = @saved_cs_client */;

--
-- Dumping data for table `avs303`
--

LOCK TABLES `avs303` WRITE;
/*!40000 ALTER TABLE `avs303` DISABLE KEYS */;
INSERT INTO `avs303` VALUES ('1141763','Bijjani,Gabriella','978/701-5841','gabriella.bijjani@maine.edu','AVS303'),('1022893','Durkee,Olivia C','207/692-3352','olivia.durkee@maine.edu','AVS303'),('0050479','McGregor,Mary M','815/245-5993','mary.m.mcgregor@maine.edu','AVS303'),('1049058','Owen,Sydney B ','352/613-9015','sydney.b.owen@maine.edu','AVS303'),('1079458','Schnaitmann,Elizabeth M','203/445-3311','elizabeth.schnaitmann@maine.edu','AVS303'),('1115131','Starks,Lauren','207/852-6270','lauren.starks@maine.edu','AVS303');
/*!40000 ALTER TABLE `avs303` ENABLE KEYS */;
UNLOCK TABLES;

--
-- Table structure for table `avs397`
--

DROP TABLE IF EXISTS `avs397`;
/*!40101 SET @saved_cs_client     = @@character_set_client */;
/*!50503 SET character_set_client = utf8mb4 */;
CREATE TABLE `avs397` (
  `student_id` varchar(10) DEFAULT NULL,
  `name` varchar(30) DEFAULT NULL,
  `phone` varchar(12) DEFAULT NULL,
  `email` varchar(40) DEFAULT NULL,
  `class` varchar(20) DEFAULT NULL
) ENGINE=InnoDB DEFAULT CHARSET=utf8mb4 COLLATE=utf8mb4_0900_ai_ci;
/*!40101 SET character_set_client = @saved_cs_client */;

--
-- Dumping data for table `avs397`
--

LOCK TABLES `avs397` WRITE;
/*!40000 ALTER TABLE `avs397` DISABLE KEYS */;
INSERT INTO `avs397` VALUES ('1009599','Banks,Grace','207/240-7431','grace.banks@maine.edu','AVS397-EMP'),('1141763','Bijjani,Gabriella','978/701-5841','gabriella.bijjani@maine.edu','AVS397-EMP'),('1048159','Dau,Alyssa M','207/381-6148','alyssa.dau@maine.edu','AVS397-EMP'),('1051854','Dube,Bryanna M','207/735-6337','bryanna.dube@maine.edu','AVS397-EMP'),('1012520','Horvath,Cleo,Anastasia','201/686-6517','cleo.horvath@maine.edu','AVS397-EMP'),('0957889','Overturf,Tuuli V','802/551-1371','tuuli.overturf@maine.edu','AVS397-EMP'),('1022401','Parke,Jayci N','207/852-6997','jayci.parke@maine.edu','AVS397-EMP'),('0992890','Piatt,Max Elizabeth','207/679-7341','maxine.piatt@maine.edu','AVS397-EMP'),('1081186','Wood,Cassondra M','207/616-8175','cassondra.wood@maine.edu','AVS397-EMP');
/*!40000 ALTER TABLE `avs397` ENABLE KEYS */;
UNLOCK TABLES;

--
-- Table structure for table `donors`
--

DROP TABLE IF EXISTS `donors`;
/*!40101 SET @saved_cs_client     = @@character_set_client */;
/*!50503 SET character_set_client = utf8mb4 */;
CREATE TABLE `donors` (
  `donor_id` mediumint unsigned NOT NULL AUTO_INCREMENT,
  `first_name` varchar(30) NOT NULL,
  `last_name` varchar(30) NOT NULL,
  `donor_since` date NOT NULL,
  PRIMARY KEY (`donor_id`),
  UNIQUE KEY `first_name` (`first_name`),
  UNIQUE KEY `last_name` (`last_name`)
) ENGINE=InnoDB DEFAULT CHARSET=utf8mb4 COLLATE=utf8mb4_0900_ai_ci;
/*!40101 SET character_set_client = @saved_cs_client */;

--
-- Dumping data for table `donors`
--

LOCK TABLES `donors` WRITE;
/*!40000 ALTER TABLE `donors` DISABLE KEYS */;
/*!40000 ALTER TABLE `donors` ENABLE KEYS */;
UNLOCK TABLES;

--
-- Table structure for table `events`
--

DROP TABLE IF EXISTS `events`;
/*!40101 SET @saved_cs_client     = @@character_set_client */;
/*!50503 SET character_set_client = utf8mb4 */;
CREATE TABLE `events` (
  `event_id` mediumint unsigned NOT NULL AUTO_INCREMENT,
  `horse_id` mediumint unsigned NOT NULL,
  `date_reported` datetime NOT NULL,
  `event` enum('narrative','physical_exam','lameness_exam','dental','de-worming','vaccinations','farrier','labtest') NOT NULL DEFAULT 'narrative',
  `reporter_id` mediumint unsigned NOT NULL,
  PRIMARY KEY (`event_id`),
  KEY `horse_id` (`horse_id`),
  KEY `date_reported` (`date_reported`),
  KEY `reporter_id` (`reporter_id`)
) ENGINE=InnoDB DEFAULT CHARSET=utf8mb4 COLLATE=utf8mb4_0900_ai_ci;
/*!40101 SET character_set_client = @saved_cs_client */;

--
-- Dumping data for table `events`
--

LOCK TABLES `events` WRITE;
/*!40000 ALTER TABLE `events` DISABLE KEYS */;
/*!40000 ALTER TABLE `events` ENABLE KEYS */;
UNLOCK TABLES;

--
-- Table structure for table `horses`
--

DROP TABLE IF EXISTS `horses`;
/*!40101 SET @saved_cs_client     = @@character_set_client */;
/*!50503 SET character_set_client = utf8mb4 */;
CREATE TABLE `horses` (
  `horse_id` mediumint unsigned NOT NULL AUTO_INCREMENT,
  `barn_name` varchar(20) NOT NULL,
  `reg_name` varchar(20) NOT NULL,
  `sex` enum('mare','gelding','colt','filly','stallion','cryptorchid','intersex') DEFAULT NULL,
  `color` enum('bay','brown','black','grey','buckskin','chesnut','roan','palomino','cremello','appaloosa','pinto','skewbald','piebald','tobiano','overo','dun','white') DEFAULT NULL,
  `face_markings` text,
  `body_markings` text,
  `leg_markings` text,
  `tattoo` text,
  `donor_id` mediumint unsigned NOT NULL,
  `date_received` date NOT NULL,
  `date_of_birth` date NOT NULL,
  PRIMARY KEY (`horse_id`),
  UNIQUE KEY `barn_name` (`barn_name`),
  UNIQUE KEY `reg_name` (`reg_name`),
  KEY `donor_id` (`donor_id`)
) ENGINE=InnoDB AUTO_INCREMENT=12 DEFAULT CHARSET=utf8mb4 COLLATE=utf8mb4_0900_ai_ci;
/*!40101 SET character_set_client = @saved_cs_client */;

--
-- Dumping data for table `horses`
--

LOCK TABLES `horses` WRITE;
/*!40000 ALTER TABLE `horses` DISABLE KEYS */;
INSERT INTO `horses` VALUES (1,'Bliss','Blisstex','mare','brown','big beautiful star','none','none','T1911',1,'1927-06-25','1927-06-25'),(2,'Francis','Upwind Benchmark','gelding','buckskin','star','none','none','XXX',2,'1927-06-25','1927-06-25'),(3,'Dixie','Dixie Road Jazz','mare','bay','crescent moon','none','none','XXX',2,'1927-06-25','1927-06-25'),(4,'Sara','Saranaud','mare','bay','none','none','white pastern right front','XXX',2,'1927-06-25','1927-06-25'),(5,'Laney','Strainght n Narrow','mare','bay','star','dapples','white pastern right rear','XXX',2,'1927-06-25','1927-06-25'),(6,'Blue','Lahars Baby Blue','mare','bay','none','none','white pasterns right and left rear','XXX',3,'1927-06-25','1927-06-25'),(7,'Diva','Pembroke Diva','mare','bay','none','none','white pastern right rear','XXX',4,'1927-06-25','1927-06-25'),(8,'Suzie','Pembroke Suzie','mare','bay','none','none','three white pasterns: left front, lect rear, and right rear','XXX',4,'1927-06-25','1927-06-25'),(9,'Whitey','Pembroke Whiteout','mare','grey','none','flea-bitten grey','pinfiring over medial splint bones','XXX',4,'1927-06-25','1927-06-25'),(10,'Gina','Foxridge Gina','mare','black','star','none','pinfiring over rear of hocks','XXX',5,'1927-06-25','1927-06-25'),(11,'Roadshow','Roadshow Hall','stallion','bay','star strip and snip','','pinfiring','XXX',2,'1927-06-25','1927-06-25');
/*!40000 ALTER TABLE `horses` ENABLE KEYS */;
UNLOCK TABLES;

--
-- Table structure for table `physicalexams`
--

DROP TABLE IF EXISTS `physicalexams`;
/*!40101 SET @saved_cs_client     = @@character_set_client */;
/*!50503 SET character_set_client = utf8mb4 */;
CREATE TABLE `physicalexams` (
  `pe_id` mediumint unsigned NOT NULL AUTO_INCREMENT,
  `event_id` mediumint unsigned NOT NULL,
  `horse_id` mediumint unsigned NOT NULL,
  `date_reported` datetime NOT NULL,
  `reporter_id` mediumint unsigned NOT NULL,
  `narrative` text,
  `bcs_1_5` float(2,1) DEFAULT NULL,
  `crt` enum('<1','<1.5','>1.5') DEFAULT NULL,
  `mmfeel` enum('moist','dry','tacky','slimy') DEFAULT NULL,
  `mmcolor` enum('pink','pale','red','injected','hemorrhage','tattoo','pigmented','grey','purple','yellow') DEFAULT NULL,
  `mm_other` text,
  `dh_test` enum('+','-') DEFAULT NULL,
  `temp` float DEFAULT NULL,
  `pulse` tinyint unsigned DEFAULT NULL,
  `resp` tinyint unsigned DEFAULT NULL,
  `resp_other` text,
  `dplf` enum('-','+','++') DEFAULT NULL,
  `dprf` enum('-','+','++') DEFAULT NULL,
  `dplh` enum('-','+','++') DEFAULT NULL,
  `dprh` enum('-','+','++') DEFAULT NULL,
  `dp_other` text,
  `gstl` enum('-','+','++') DEFAULT NULL,
  `gsbl` enum('-','+','++') DEFAULT NULL,
  `gstr` enum('-','+','++') DEFAULT NULL,
  `gsbr` enum('-','+','++') DEFAULT NULL,
  `gs_other` text,
  PRIMARY KEY (`pe_id`),
  KEY `event_id` (`event_id`),
  KEY `horse_id` (`horse_id`),
  KEY `date_reported` (`date_reported`),
  KEY `reporter_id` (`reporter_id`)
) ENGINE=InnoDB DEFAULT CHARSET=utf8mb4 COLLATE=utf8mb4_0900_ai_ci;
/*!40101 SET character_set_client = @saved_cs_client */;

--
-- Dumping data for table `physicalexams`
--

LOCK TABLES `physicalexams` WRITE;
/*!40000 ALTER TABLE `physicalexams` DISABLE KEYS */;
/*!40000 ALTER TABLE `physicalexams` ENABLE KEYS */;
UNLOCK TABLES;

--
-- Table structure for table `reporters`
--

DROP TABLE IF EXISTS `reporters`;
/*!40101 SET @saved_cs_client     = @@character_set_client */;
/*!50503 SET character_set_client = utf8mb4 */;
CREATE TABLE `reporters` (
  `reporter_id` mediumint unsigned NOT NULL AUTO_INCREMENT,
  `first_name` varchar(30) NOT NULL,
  `last_name` varchar(30) NOT NULL,
  `reporter_since` date NOT NULL,
  PRIMARY KEY (`reporter_id`),
  UNIQUE KEY `first_name` (`first_name`),
  UNIQUE KEY `last_name` (`last_name`)
) ENGINE=InnoDB DEFAULT CHARSET=utf8mb4 COLLATE=utf8mb4_0900_ai_ci;
/*!40101 SET character_set_client = @saved_cs_client */;

--
-- Dumping data for table `reporters`
--

LOCK TABLES `reporters` WRITE;
/*!40000 ALTER TABLE `reporters` DISABLE KEYS */;
/*!40000 ALTER TABLE `reporters` ENABLE KEYS */;
UNLOCK TABLES;

--
-- Table structure for table `staff`
--

DROP TABLE IF EXISTS `staff`;
/*!40101 SET @saved_cs_client     = @@character_set_client */;
/*!50503 SET character_set_client = utf8mb4 */;
CREATE TABLE `staff` (
  `student_id` varchar(10) DEFAULT NULL,
  `name` varchar(30) DEFAULT NULL,
  `phone` varchar(12) DEFAULT NULL,
  `email` varchar(40) DEFAULT NULL,
  `class` varchar(20) DEFAULT NULL
) ENGINE=InnoDB DEFAULT CHARSET=utf8mb4 COLLATE=utf8mb4_0900_ai_ci;
/*!40101 SET character_set_client = @saved_cs_client */;

--
-- Dumping data for table `staff`
--

LOCK TABLES `staff` WRITE;
/*!40000 ALTER TABLE `staff` DISABLE KEYS */;
INSERT INTO `staff` VALUES ('-------','Causey, Robert C','207/922-7475','rcausey@maine.edu ','Faculty Coordinator'),('-------','Astle, Cassie','207/610-9483','wittertraining@gmail.com','Equine Trainer');
/*!40000 ALTER TABLE `staff` ENABLE KEYS */;
UNLOCK TABLES;

--
-- Table structure for table `summer2021`
--

DROP TABLE IF EXISTS `summer2021`;
/*!40101 SET @saved_cs_client     = @@character_set_client */;
/*!50503 SET character_set_client = utf8mb4 */;
CREATE TABLE `summer2021` (
  `student_id` varchar(10) DEFAULT NULL,
  `name` varchar(30) DEFAULT NULL,
  `phone` varchar(12) DEFAULT NULL,
  `email` varchar(40) DEFAULT NULL,
  `class` varchar(20) DEFAULT NULL
) ENGINE=InnoDB DEFAULT CHARSET=utf8mb4 COLLATE=utf8mb4_0900_ai_ci;
/*!40101 SET character_set_client = @saved_cs_client */;

--
-- Dumping data for table `summer2021`
--

LOCK TABLES `summer2021` WRITE;
/*!40000 ALTER TABLE `summer2021` DISABLE KEYS */;
INSERT INTO `summer2021` VALUES ('-------','Causey, Robert C','207/922-7475','rcausey@maine.edu ','Faculty Coordinator'),('-------','Astle, Cassie','207/610-9483','wittertraining@gmail.com','Equine Trainer'),('1009599','Banks,Grace','207/240-7431','grace.banks@maine.edu','AVS397-EMP'),('1141763','Bijjani,Gabriella','978/701-5841','gabriella.bijjani@maine.edu','AVS397-EMP'),('1048159','Dau,Alyssa M','207/381-6148','alyssa.dau@maine.edu','AVS397-EMP'),('1051854','Dube,Bryanna M','207/735-6337','bryanna.dube@maine.edu','AVS397-EMP'),('1012520','Horvath,Cleo,Anastasia','201/686-6517','cleo.horvath@maine.edu','AVS397-EMP'),('0957889','Overturf,Tuuli V','802/551-1371','tuuli.overturf@maine.edu','AVS397-EMP'),('1022401','Parke,Jayci N','207/852-6997','jayci.parke@maine.edu','AVS397-EMP'),('0992890','Piatt,Max Elizabeth','207/679-7341','maxine.piatt@maine.edu','AVS397-EMP'),('1081186','Wood,Cassondra M','207/616-8175','cassondra.wood@maine.edu','AVS397-EMP'),('1141763','Bijjani,Gabriella','978/701-5841','gabriella.bijjani@maine.edu','AVS303'),('1022893','Durkee,Olivia C','207/692-3352','olivia.durkee@maine.edu','AVS303'),('0050479','McGregor,Mary M','815/245-5993','mary.m.mcgregor@maine.edu','AVS303'),('1049058','Owen,Sydney B ','352/613-9015','sydney.b.owen@maine.edu','AVS303'),('1079458','Schnaitmann,Elizabeth M','203/445-3311','elizabeth.schnaitmann@maine.edu','AVS303'),('1115131','Starks,Lauren','207/852-6270','lauren.starks@maine.edu','AVS303'),('1043887','Martin,Abi J','207/930-5436','abigail.j.martin@maine.edu','AVS196'),('0050479','McGregor,Mary M','815/245-5993','mary.m.mcgregor@maine.edu','AVS196');
/*!40000 ALTER TABLE `summer2021` ENABLE KEYS */;
UNLOCK TABLES;
/*!40103 SET TIME_ZONE=@OLD_TIME_ZONE */;

/*!40101 SET SQL_MODE=@OLD_SQL_MODE */;
/*!40014 SET FOREIGN_KEY_CHECKS=@OLD_FOREIGN_KEY_CHECKS */;
/*!40014 SET UNIQUE_CHECKS=@OLD_UNIQUE_CHECKS */;
/*!40101 SET CHARACTER_SET_CLIENT=@OLD_CHARACTER_SET_CLIENT */;
/*!40101 SET CHARACTER_SET_RESULTS=@OLD_CHARACTER_SET_RESULTS */;
/*!40101 SET COLLATION_CONNECTION=@OLD_COLLATION_CONNECTION */;
/*!40111 SET SQL_NOTES=@OLD_SQL_NOTES */;

-- Dump completed on 2021-06-14 22:20:25

[robert@localhost mysql_robert]$ mysql_robert]$ mysqldump -u root -p horsebarn2 > horsebarn2.sql
bash: mysql_robert]$: command not found...
[robert@localhost mysql_robert]$ mysql_robert]$ mysqldump -u root -p horsebarn2 > horsebarn2.sql
bash: mysql_robert]$: command not found...
[robert@localhost mysql_robert]$ mysqldump -u root -p horsebarn2 > horsebarn2.sql
Enter password: 
[robert@localhost mysql_robert]$ cat horsebarn2.sql 
-- MySQL dump 10.13  Distrib 8.0.25, for Linux (x86_64)
--
-- Host: localhost    Database: horsebarn2
-- ------------------------------------------------------
-- Server version	8.0.25

/*!40101 SET @OLD_CHARACTER_SET_CLIENT=@@CHARACTER_SET_CLIENT */;
/*!40101 SET @OLD_CHARACTER_SET_RESULTS=@@CHARACTER_SET_RESULTS */;
/*!40101 SET @OLD_COLLATION_CONNECTION=@@COLLATION_CONNECTION */;
/*!50503 SET NAMES utf8mb4 */;
/*!40103 SET @OLD_TIME_ZONE=@@TIME_ZONE */;
/*!40103 SET TIME_ZONE='+00:00' */;
/*!40014 SET @OLD_UNIQUE_CHECKS=@@UNIQUE_CHECKS, UNIQUE_CHECKS=0 */;
/*!40014 SET @OLD_FOREIGN_KEY_CHECKS=@@FOREIGN_KEY_CHECKS, FOREIGN_KEY_CHECKS=0 */;
/*!40101 SET @OLD_SQL_MODE=@@SQL_MODE, SQL_MODE='NO_AUTO_VALUE_ON_ZERO' */;
/*!40111 SET @OLD_SQL_NOTES=@@SQL_NOTES, SQL_NOTES=0 */;

--
-- Table structure for table `avs196`
--

DROP TABLE IF EXISTS `avs196`;
/*!40101 SET @saved_cs_client     = @@character_set_client */;
/*!50503 SET character_set_client = utf8mb4 */;
CREATE TABLE `avs196` (
  `student_id` varchar(10) DEFAULT NULL,
  `name` varchar(30) DEFAULT NULL,
  `phone` varchar(12) DEFAULT NULL,
  `email` varchar(40) DEFAULT NULL,
  `class` varchar(20) DEFAULT NULL
) ENGINE=InnoDB DEFAULT CHARSET=utf8mb4 COLLATE=utf8mb4_0900_ai_ci;
/*!40101 SET character_set_client = @saved_cs_client */;

--
-- Dumping data for table `avs196`
--

LOCK TABLES `avs196` WRITE;
/*!40000 ALTER TABLE `avs196` DISABLE KEYS */;
INSERT INTO `avs196` VALUES ('1043887','Martin,Abi J','207/930-5436','abigail.j.martin@maine.edu','AVS196'),('0050479','McGregor,Mary M','815/245-5993','mary.m.mcgregor@maine.edu','AVS196');
/*!40000 ALTER TABLE `avs196` ENABLE KEYS */;
UNLOCK TABLES;

--
-- Table structure for table `avs303`
--

DROP TABLE IF EXISTS `avs303`;
/*!40101 SET @saved_cs_client     = @@character_set_client */;
/*!50503 SET character_set_client = utf8mb4 */;
CREATE TABLE `avs303` (
  `student_id` varchar(10) DEFAULT NULL,
  `name` varchar(30) DEFAULT NULL,
  `phone` varchar(12) DEFAULT NULL,
  `email` varchar(40) DEFAULT NULL,
  `class` varchar(20) DEFAULT NULL
) ENGINE=InnoDB DEFAULT CHARSET=utf8mb4 COLLATE=utf8mb4_0900_ai_ci;
/*!40101 SET character_set_client = @saved_cs_client */;

--
-- Dumping data for table `avs303`
--

LOCK TABLES `avs303` WRITE;
/*!40000 ALTER TABLE `avs303` DISABLE KEYS */;
INSERT INTO `avs303` VALUES ('1141763','Bijjani,Gabriella','978/701-5841','gabriella.bijjani@maine.edu','AVS303'),('1022893','Durkee,Olivia C','207/692-3352','olivia.durkee@maine.edu','AVS303'),('0050479','McGregor,Mary M','815/245-5993','mary.m.mcgregor@maine.edu','AVS303'),('1049058','Owen,Sydney B ','352/613-9015','sydney.b.owen@maine.edu','AVS303'),('1079458','Schnaitmann,Elizabeth M','203/445-3311','elizabeth.schnaitmann@maine.edu','AVS303'),('1115131','Starks,Lauren','207/852-6270','lauren.starks@maine.edu','AVS303');
/*!40000 ALTER TABLE `avs303` ENABLE KEYS */;
UNLOCK TABLES;

--
-- Table structure for table `avs397`
--

DROP TABLE IF EXISTS `avs397`;
/*!40101 SET @saved_cs_client     = @@character_set_client */;
/*!50503 SET character_set_client = utf8mb4 */;
CREATE TABLE `avs397` (
  `student_id` varchar(10) DEFAULT NULL,
  `name` varchar(30) DEFAULT NULL,
  `phone` varchar(12) DEFAULT NULL,
  `email` varchar(40) DEFAULT NULL,
  `class` varchar(20) DEFAULT NULL
) ENGINE=InnoDB DEFAULT CHARSET=utf8mb4 COLLATE=utf8mb4_0900_ai_ci;
/*!40101 SET character_set_client = @saved_cs_client */;

--
-- Dumping data for table `avs397`
--

LOCK TABLES `avs397` WRITE;
/*!40000 ALTER TABLE `avs397` DISABLE KEYS */;
INSERT INTO `avs397` VALUES ('1009599','Banks,Grace','207/240-7431','grace.banks@maine.edu','AVS397-EMP'),('1141763','Bijjani,Gabriella','978/701-5841','gabriella.bijjani@maine.edu','AVS397-EMP'),('1048159','Dau,Alyssa M','207/381-6148','alyssa.dau@maine.edu','AVS397-EMP'),('1051854','Dube,Bryanna M','207/735-6337','bryanna.dube@maine.edu','AVS397-EMP'),('1012520','Horvath,Cleo,Anastasia','201/686-6517','cleo.horvath@maine.edu','AVS397-EMP'),('0957889','Overturf,Tuuli V','802/551-1371','tuuli.overturf@maine.edu','AVS397-EMP'),('1022401','Parke,Jayci N','207/852-6997','jayci.parke@maine.edu','AVS397-EMP'),('0992890','Piatt,Max Elizabeth','207/679-7341','maxine.piatt@maine.edu','AVS397-EMP'),('1081186','Wood,Cassondra M','207/616-8175','cassondra.wood@maine.edu','AVS397-EMP');
/*!40000 ALTER TABLE `avs397` ENABLE KEYS */;
UNLOCK TABLES;

--
-- Table structure for table `donors`
--

DROP TABLE IF EXISTS `donors`;
/*!40101 SET @saved_cs_client     = @@character_set_client */;
/*!50503 SET character_set_client = utf8mb4 */;
CREATE TABLE `donors` (
  `donor_id` mediumint unsigned NOT NULL AUTO_INCREMENT,
  `first_name` varchar(30) NOT NULL,
  `last_name` varchar(30) NOT NULL,
  `donor_since` date NOT NULL,
  PRIMARY KEY (`donor_id`),
  UNIQUE KEY `first_name` (`first_name`),
  UNIQUE KEY `last_name` (`last_name`)
) ENGINE=InnoDB DEFAULT CHARSET=utf8mb4 COLLATE=utf8mb4_0900_ai_ci;
/*!40101 SET character_set_client = @saved_cs_client */;

--
-- Dumping data for table `donors`
--

LOCK TABLES `donors` WRITE;
/*!40000 ALTER TABLE `donors` DISABLE KEYS */;
/*!40000 ALTER TABLE `donors` ENABLE KEYS */;
UNLOCK TABLES;

--
-- Table structure for table `events`
--

DROP TABLE IF EXISTS `events`;
/*!40101 SET @saved_cs_client     = @@character_set_client */;
/*!50503 SET character_set_client = utf8mb4 */;
CREATE TABLE `events` (
  `event_id` mediumint unsigned NOT NULL AUTO_INCREMENT,
  `horse_id` mediumint unsigned NOT NULL,
  `date_reported` datetime NOT NULL,
  `reporter` mediumint unsigned DEFAULT NULL,
  `event` enum('narrative','physical_exam','lameness_exam','dental','de-worming','vaccinations','farrier','labtest') NOT NULL DEFAULT 'narrative',
  `narrative` text,
  PRIMARY KEY (`event_id`),
  KEY `horse_id` (`horse_id`),
  KEY `date_reported` (`date_reported`)
) ENGINE=InnoDB DEFAULT CHARSET=utf8mb4 COLLATE=utf8mb4_0900_ai_ci;
/*!40101 SET character_set_client = @saved_cs_client */;

--
-- Dumping data for table `events`
--

LOCK TABLES `events` WRITE;
/*!40000 ALTER TABLE `events` DISABLE KEYS */;
/*!40000 ALTER TABLE `events` ENABLE KEYS */;
UNLOCK TABLES;

--
-- Table structure for table `horses`
--

DROP TABLE IF EXISTS `horses`;
/*!40101 SET @saved_cs_client     = @@character_set_client */;
/*!50503 SET character_set_client = utf8mb4 */;
CREATE TABLE `horses` (
  `horse_id` mediumint unsigned NOT NULL AUTO_INCREMENT,
  `barn_name` varchar(20) NOT NULL,
  `reg_name` varchar(20) NOT NULL,
  `sex` enum('mare','gelding','colt','filly','stallion','cryptorchid','intersex') DEFAULT NULL,
  `color` enum('bay','brown','black','grey','buckskin','chesnut','roan','palomino','cremello','appaloosa','pinto','skewbald','piebald','tobiano','overo','dun','white') DEFAULT NULL,
  `face_markings` text,
  `body_markings` text,
  `leg_markings` text,
  `tattoo` text,
  `donor_id` mediumint unsigned NOT NULL,
  `date_received` date NOT NULL,
  `date_of_birth` date NOT NULL,
  PRIMARY KEY (`horse_id`),
  UNIQUE KEY `barn_name` (`barn_name`),
  UNIQUE KEY `reg_name` (`reg_name`),
  KEY `donor_id` (`donor_id`)
) ENGINE=InnoDB AUTO_INCREMENT=12 DEFAULT CHARSET=utf8mb4 COLLATE=utf8mb4_0900_ai_ci;
/*!40101 SET character_set_client = @saved_cs_client */;

--
-- Dumping data for table `horses`
--

LOCK TABLES `horses` WRITE;
/*!40000 ALTER TABLE `horses` DISABLE KEYS */;
INSERT INTO `horses` VALUES (1,'Bliss','Blisstex','mare','brown','big beautiful star','none','none','T1911',1,'1927-06-25','1927-06-25'),(2,'Francis','Upwind Benchmark','gelding','buckskin','star','none','none','XXX',2,'1927-06-25','1927-06-25'),(3,'Dixie','Dixie Road Jazz','mare','bay','crescent moon','none','none','XXX',2,'1927-06-25','1927-06-25'),(4,'Sara','Saranaud','mare','bay','none','none','white pastern right front','XXX',2,'1927-06-25','1927-06-25'),(5,'Laney','Strainght n Narrow','mare','bay','star','dapples','white pastern right rear','XXX',2,'1927-06-25','1927-06-25'),(6,'Blue','Lahars Baby Blue','mare','bay','none','none','white pasterns right and left rear','XXX',3,'1927-06-25','1927-06-25'),(7,'Diva','Pembroke Diva','mare','bay','none','none','white pastern right rear','XXX',4,'1927-06-25','1927-06-25'),(8,'Suzie','Pembroke Suzie','mare','bay','none','none','three white pasterns: left front, lect rear, and right rear','XXX',4,'1927-06-25','1927-06-25'),(9,'Whitey','Pembroke Whiteout','mare','grey','none','flea-bitten grey','pinfiring over medial splint bones','XXX',4,'1927-06-25','1927-06-25'),(10,'Gina','Foxridge Gina','mare','black','star','none','pinfiring over rear of hocks','XXX',5,'1927-06-25','1927-06-25'),(11,'Roadshow','Roadshow Hall','stallion','bay','star strip and snip','','pinfiring','XXX',2,'1927-06-25','1927-06-25');
/*!40000 ALTER TABLE `horses` ENABLE KEYS */;
UNLOCK TABLES;

--
-- Table structure for table `physicalexams`
--

DROP TABLE IF EXISTS `physicalexams`;
/*!40101 SET @saved_cs_client     = @@character_set_client */;
/*!50503 SET character_set_client = utf8mb4 */;
CREATE TABLE `physicalexams` (
  `pe_id` mediumint unsigned NOT NULL AUTO_INCREMENT,
  `event_id` mediumint unsigned NOT NULL,
  `horse_id` mediumint unsigned NOT NULL,
  `date_reported` datetime NOT NULL,
  `reporter_id` mediumint unsigned NOT NULL,
  `narrative` text,
  `bcs_1_5` float(2,1) DEFAULT NULL,
  `crt` enum('<1','<1.5','>1.5') DEFAULT NULL,
  `mmfeel` enum('moist','dry','tacky','slimy') DEFAULT NULL,
  `mmcolor` enum('pink','pale','red','injected','hemorrhage','tattoo','pigmented','grey','purple','yellow') DEFAULT NULL,
  `mm_other` text,
  `dh_test` enum('+','-') DEFAULT NULL,
  `temp` float DEFAULT NULL,
  `pulse` tinyint unsigned DEFAULT NULL,
  `resp` tinyint unsigned DEFAULT NULL,
  `resp_other` text,
  `dplf` enum('-','+','++') DEFAULT NULL,
  `dprf` enum('-','+','++') DEFAULT NULL,
  `dplh` enum('-','+','++') DEFAULT NULL,
  `dprh` enum('-','+','++') DEFAULT NULL,
  `dp_other` text,
  `gstl` enum('-','+','++') DEFAULT NULL,
  `gsbl` enum('-','+','++') DEFAULT NULL,
  `gstr` enum('-','+','++') DEFAULT NULL,
  `gsbr` enum('-','+','++') DEFAULT NULL,
  `gs_other` text,
  PRIMARY KEY (`pe_id`),
  KEY `event_id` (`event_id`),
  KEY `horse_id` (`horse_id`),
  KEY `date_reported` (`date_reported`),
  KEY `reporter_id` (`reporter_id`)
) ENGINE=InnoDB DEFAULT CHARSET=utf8mb4 COLLATE=utf8mb4_0900_ai_ci;
/*!40101 SET character_set_client = @saved_cs_client */;

--
-- Dumping data for table `physicalexams`
--

LOCK TABLES `physicalexams` WRITE;
/*!40000 ALTER TABLE `physicalexams` DISABLE KEYS */;
/*!40000 ALTER TABLE `physicalexams` ENABLE KEYS */;
UNLOCK TABLES;

--
-- Table structure for table `reporters`
--

DROP TABLE IF EXISTS `reporters`;
/*!40101 SET @saved_cs_client     = @@character_set_client */;
/*!50503 SET character_set_client = utf8mb4 */;
CREATE TABLE `reporters` (
  `reporter_id` mediumint unsigned NOT NULL AUTO_INCREMENT,
  `first_name` varchar(30) NOT NULL,
  `last_name` varchar(30) NOT NULL,
  `reporter_since` date NOT NULL,
  PRIMARY KEY (`reporter_id`),
  UNIQUE KEY `first_name` (`first_name`),
  UNIQUE KEY `last_name` (`last_name`)
) ENGINE=InnoDB DEFAULT CHARSET=utf8mb4 COLLATE=utf8mb4_0900_ai_ci;
/*!40101 SET character_set_client = @saved_cs_client */;

--
-- Dumping data for table `reporters`
--

LOCK TABLES `reporters` WRITE;
/*!40000 ALTER TABLE `reporters` DISABLE KEYS */;
/*!40000 ALTER TABLE `reporters` ENABLE KEYS */;
UNLOCK TABLES;

--
-- Table structure for table `staff`
--

DROP TABLE IF EXISTS `staff`;
/*!40101 SET @saved_cs_client     = @@character_set_client */;
/*!50503 SET character_set_client = utf8mb4 */;
CREATE TABLE `staff` (
  `student_id` varchar(10) DEFAULT NULL,
  `name` varchar(30) DEFAULT NULL,
  `phone` varchar(12) DEFAULT NULL,
  `email` varchar(40) DEFAULT NULL,
  `class` varchar(20) DEFAULT NULL
) ENGINE=InnoDB DEFAULT CHARSET=utf8mb4 COLLATE=utf8mb4_0900_ai_ci;
/*!40101 SET character_set_client = @saved_cs_client */;

--
-- Dumping data for table `staff`
--

LOCK TABLES `staff` WRITE;
/*!40000 ALTER TABLE `staff` DISABLE KEYS */;
INSERT INTO `staff` VALUES ('-------','Causey, Robert C','207/922-7475','rcausey@maine.edu ','Faculty Coordinator'),('-------','Astle, Cassie','207/610-9483','wittertraining@gmail.com','Equine Trainer');
/*!40000 ALTER TABLE `staff` ENABLE KEYS */;
UNLOCK TABLES;

--
-- Table structure for table `summer2021`
--

DROP TABLE IF EXISTS `summer2021`;
/*!40101 SET @saved_cs_client     = @@character_set_client */;
/*!50503 SET character_set_client = utf8mb4 */;
CREATE TABLE `summer2021` (
  `student_id` varchar(10) DEFAULT NULL,
  `name` varchar(30) DEFAULT NULL,
  `phone` varchar(12) DEFAULT NULL,
  `email` varchar(40) DEFAULT NULL,
  `class` varchar(20) DEFAULT NULL
) ENGINE=InnoDB DEFAULT CHARSET=utf8mb4 COLLATE=utf8mb4_0900_ai_ci;
/*!40101 SET character_set_client = @saved_cs_client */;

--
-- Dumping data for table `summer2021`
--

LOCK TABLES `summer2021` WRITE;
/*!40000 ALTER TABLE `summer2021` DISABLE KEYS */;
INSERT INTO `summer2021` VALUES ('-------','Causey, Robert C','207/922-7475','rcausey@maine.edu ','Faculty Coordinator'),('-------','Astle, Cassie','207/610-9483','wittertraining@gmail.com','Equine Trainer'),('1009599','Banks,Grace','207/240-7431','grace.banks@maine.edu','AVS397-EMP'),('1141763','Bijjani,Gabriella','978/701-5841','gabriella.bijjani@maine.edu','AVS397-EMP'),('1048159','Dau,Alyssa M','207/381-6148','alyssa.dau@maine.edu','AVS397-EMP'),('1051854','Dube,Bryanna M','207/735-6337','bryanna.dube@maine.edu','AVS397-EMP'),('1012520','Horvath,Cleo,Anastasia','201/686-6517','cleo.horvath@maine.edu','AVS397-EMP'),('0957889','Overturf,Tuuli V','802/551-1371','tuuli.overturf@maine.edu','AVS397-EMP'),('1022401','Parke,Jayci N','207/852-6997','jayci.parke@maine.edu','AVS397-EMP'),('0992890','Piatt,Max Elizabeth','207/679-7341','maxine.piatt@maine.edu','AVS397-EMP'),('1081186','Wood,Cassondra M','207/616-8175','cassondra.wood@maine.edu','AVS397-EMP'),('1141763','Bijjani,Gabriella','978/701-5841','gabriella.bijjani@maine.edu','AVS303'),('1022893','Durkee,Olivia C','207/692-3352','olivia.durkee@maine.edu','AVS303'),('0050479','McGregor,Mary M','815/245-5993','mary.m.mcgregor@maine.edu','AVS303'),('1049058','Owen,Sydney B ','352/613-9015','sydney.b.owen@maine.edu','AVS303'),('1079458','Schnaitmann,Elizabeth M','203/445-3311','elizabeth.schnaitmann@maine.edu','AVS303'),('1115131','Starks,Lauren','207/852-6270','lauren.starks@maine.edu','AVS303'),('1043887','Martin,Abi J','207/930-5436','abigail.j.martin@maine.edu','AVS196'),('0050479','McGregor,Mary M','815/245-5993','mary.m.mcgregor@maine.edu','AVS196');
/*!40000 ALTER TABLE `summer2021` ENABLE KEYS */;
UNLOCK TABLES;
/*!40103 SET TIME_ZONE=@OLD_TIME_ZONE */;

/*!40101 SET SQL_MODE=@OLD_SQL_MODE */;
/*!40014 SET FOREIGN_KEY_CHECKS=@OLD_FOREIGN_KEY_CHECKS */;
/*!40014 SET UNIQUE_CHECKS=@OLD_UNIQUE_CHECKS */;
/*!40101 SET CHARACTER_SET_CLIENT=@OLD_CHARACTER_SET_CLIENT */;
/*!40101 SET CHARACTER_SET_RESULTS=@OLD_CHARACTER_SET_RESULTS */;
/*!40101 SET COLLATION_CONNECTION=@OLD_COLLATION_CONNECTION */;
/*!40111 SET SQL_NOTES=@OLD_SQL_NOTES */;

-- Dump completed on 2021-06-20 22:00:21
[robert@localhost mysql_robert]$ vim horsebarn2.sql 
[robert@localhost mysql_robert]$ cp horsebarn2.sql ../robertcausey.github.io/
[robert@localhost mysql_robert]$ cd ../robertcausey.github.io/
[robert@localhost robertcausey.github.io]$ ls
196_303_AVS.htm                   horse_handling.htm
353_AVS.htm                       hr101.pdf
397_AVS.htm                       HRrules
advising                          index.html
Assignments_Spring2020.html       Linux
AVS146                            message.gif
AVS196                            mysql
AVS196_303                        pet.txt
AVS303_anatomylab-1.pdf           PIXELSHI.GIF
AVS303.html                       READING.HTM
AVS353                            README.md
AVS393                            SeMELISA
AVS_courses_sequence_feepass.pdf  SEMPCR
Barn_Manual                       stblec1.htm
Bolshoi                           SyllabusAVS303fall2020.pdf
feepass.htm                       things.txt
Hiring                            welcomewitter.html
horsebarn2.sql
[robert@localhost robertcausey.github.io]$ git add .
[robert@localhost robertcausey.github.io]$ git commit -m "update horsebarn2.sql"
[master f0a215b] update horsebarn2.sql
 Committer: Robert <robert@localhost.localdomain>
Your name and email address were configured automatically based
on your username and hostname. Please check that they are accurate.
You can suppress this message by setting them explicitly. Run the
following command and follow the instructions in your editor to edit
your configuration file:

    git config --global --edit

After doing this, you may fix the identity used for this commit with:

    git commit --amend --reset-author

 1 file changed, 14 insertions(+), 14 deletions(-)
[robert@localhost robertcausey.github.io]$ git push
Username for 'https://github.com': robert.causey@umit.maine.edu
Password for 'https://robert.causey@umit.maine.edu@github.com': 
Enumerating objects: 5, done.
Counting objects: 100% (5/5), done.
Delta compression using up to 6 threads
Compressing objects: 100% (3/3), done.
Writing objects: 100% (3/3), 432 bytes | 432.00 KiB/s, done.
Total 3 (delta 2), reused 0 (delta 0), pack-reused 0
remote: Resolving deltas: 100% (2/2), completed with 2 local objects.
To https://github.com/robertcausey/robertcausey.github.io
   309adf4..f0a215b  master -> master
[robert@localhost robertcausey.github.io]$ ls
196_303_AVS.htm                   horse_handling.htm
353_AVS.htm                       hr101.pdf
397_AVS.htm                       HRrules
advising                          index.html
Assignments_Spring2020.html       Linux
AVS146                            message.gif
AVS196                            mysql
AVS196_303                        pet.txt
AVS303_anatomylab-1.pdf           PIXELSHI.GIF
AVS303.html                       READING.HTM
AVS353                            README.md
AVS393                            SeMELISA
AVS_courses_sequence_feepass.pdf  SEMPCR
Barn_Manual                       stblec1.htm
Bolshoi                           SyllabusAVS303fall2020.pdf
feepass.htm                       things.txt
Hiring                            welcomewitter.html
horsebarn2.sql
[robert@localhost robertcausey.github.io]$ cd ..
[robert@localhost ~]$ ls
Desktop    Downloads  mysql_robert  Pictures  robertcausey.github.io  Templates
Documents  Music      mysql-server  Public    talking.txt             Videos
[robert@localhost ~]$ mv mysql_robert/ robertcausey.github.io/
[robert@localhost ~]$ cd robertcausey.github.io/
[robert@localhost robertcausey.github.io]$ git add .
[robert@localhost robertcausey.github.io]$ git commit -m "consolidating MYSQL on repo"
[master 4fafac3] consolidating MYSQL on repo
 Committer: Robert <robert@localhost.localdomain>
Your name and email address were configured automatically based
on your username and hostname. Please check that they are accurate.
You can suppress this message by setting them explicitly. Run the
following command and follow the instructions in your editor to edit
your configuration file:

    git config --global --edit

After doing this, you may fix the identity used for this commit with:

    git commit --amend --reset-author

 14 files changed, 1570 insertions(+)
 create mode 100644 mysql_robert/20210614_console.txt
 create mode 100644 mysql_robert/avs196.txt
 create mode 100644 mysql_robert/avs303.txt
 create mode 100644 mysql_robert/avs397.txt
 create mode 100644 mysql_robert/event.txt
 create mode 100644 mysql_robert/horsebarn2.sql
 create mode 100644 mysql_robert/impteat.txt
 create mode 100644 mysql_robert/insert_data_from_another_table.txt
 create mode 100644 mysql_robert/mysqldump.txt
 create mode 100644 mysql_robert/mysqlimport.txt
 create mode 100644 mysql_robert/pet.txt
 create mode 100644 mysql_robert/staff.txt
 create mode 100644 mysql_robert/summer2021.txt
 create mode 100644 mysql_robert/test_db.sql
[robert@localhost robertcausey.github.io]$ git push
Username for 'https://github.com': robert.causey@umit.maine.edu
Password for 'https://robert.causey@umit.maine.edu@github.com': 
Enumerating objects: 17, done.
Counting objects: 100% (17/17), done.
Delta compression using up to 6 threads
Compressing objects: 100% (15/15), done.
Writing objects: 100% (16/16), 13.41 KiB | 13.41 MiB/s, done.
Total 16 (delta 5), reused 0 (delta 0), pack-reused 0
remote: Resolving deltas: 100% (5/5), completed with 1 local object.
To https://github.com/robertcausey/robertcausey.github.io
   f0a215b..4fafac3  master -> master
[robert@localhost robertcausey.github.io]$ 
[robert@localhost robertcausey.github.io]$ ls
196_303_AVS.htm                   horse_handling.htm
353_AVS.htm                       hr101.pdf
397_AVS.htm                       HRrules
advising                          index.html
Assignments_Spring2020.html       Linux
AVS146                            message.gif
AVS196                            mysql
AVS196_303                        mysql_robert
AVS303_anatomylab-1.pdf           pet.txt
AVS303.html                       PIXELSHI.GIF
AVS353                            READING.HTM
AVS393                            README.md
AVS_courses_sequence_feepass.pdf  SeMELISA
Barn_Manual                       SEMPCR
Bolshoi                           stblec1.htm
feepass.htm                       SyllabusAVS303fall2020.pdf
Hiring                            things.txt
horsebarn2.sql                    welcomewitter.html
[robert@localhost robertcausey.github.io]$ cd AVS353
[robert@localhost AVS353]$ ls
 20210203_SharedScreenshot1.jpg           PREG.HTM
 20210203_SharedScreenshot.jpg            QUIZ1.HTM
 20210203.txt.tex                         QUIZ2.HTM
 Aristotle_HA_VI_22.htm                   QUIZ3.HTM
 ASSBRED.HTM                              QUIZ4.HTM
 BASEREP.HTM                              QUIZ5.HTM
 BREDNUT.PDF                              REPANAT.HTM
'Breeding farm nutrition_NEAEP2011.pdf'   REPPAT.HTM
 DRUGS.HTM                                reproductive_anatomy.pdf
 endocrinology_prenancy_1.pdf             REPRO.HTM
 endocrinology_prenancy_2.pdf             REPSEAS.HTM
 EQUEST.HTM                               seasonality_estrous-cycle.pdf
 ESTROUS.HTM                              stallion.pdf
 FOALING.HTM                              STUD.HTM
 placenta.pdf                             video_archive_AVS353.htm
 PREGFOL.HTM
[robert@localhost AVS353]$ mv ../../Downloads/eq00588.jpg .
[robert@localhost AVS353]$ ls
 20210203_SharedScreenshot1.jpg           PREGFOL.HTM
 20210203_SharedScreenshot.jpg            PREG.HTM
 20210203.txt.tex                         QUIZ1.HTM
 Aristotle_HA_VI_22.htm                   QUIZ2.HTM
 ASSBRED.HTM                              QUIZ3.HTM
 BASEREP.HTM                              QUIZ4.HTM
 BREDNUT.PDF                              QUIZ5.HTM
'Breeding farm nutrition_NEAEP2011.pdf'   REPANAT.HTM
 DRUGS.HTM                                REPPAT.HTM
 endocrinology_prenancy_1.pdf             reproductive_anatomy.pdf
 endocrinology_prenancy_2.pdf             REPRO.HTM
 eq00588.jpg                              REPSEAS.HTM
 EQUEST.HTM                               seasonality_estrous-cycle.pdf
 ESTROUS.HTM                              stallion.pdf
 FOALING.HTM                              STUD.HTM
 placenta.pdf                             video_archive_AVS353.htm
[robert@localhost AVS353]$ mv eq00588.jpg redbag.jpg
[robert@localhost AVS353]$ ls
 20210203_SharedScreenshot1.jpg           PREG.HTM
 20210203_SharedScreenshot.jpg            QUIZ1.HTM
 20210203.txt.tex                         QUIZ2.HTM
 Aristotle_HA_VI_22.htm                   QUIZ3.HTM
 ASSBRED.HTM                              QUIZ4.HTM
 BASEREP.HTM                              QUIZ5.HTM
 BREDNUT.PDF                              redbag.jpg
'Breeding farm nutrition_NEAEP2011.pdf'   REPANAT.HTM
 DRUGS.HTM                                REPPAT.HTM
 endocrinology_prenancy_1.pdf             reproductive_anatomy.pdf
 endocrinology_prenancy_2.pdf             REPRO.HTM
 EQUEST.HTM                               REPSEAS.HTM
 ESTROUS.HTM                              seasonality_estrous-cycle.pdf
 FOALING.HTM                              stallion.pdf
 placenta.pdf                             STUD.HTM
 PREGFOL.HTM                              video_archive_AVS353.htm
[robert@localhost AVS353]$ pwd
/home/robert/robertcausey.github.io/AVS353
[robert@localhost AVS353]$ cd ..
[robert@localhost robertcausey.github.io]$ ls
196_303_AVS.htm                   horse_handling.htm
353_AVS.htm                       hr101.pdf
397_AVS.htm                       HRrules
advising                          index.html
Assignments_Spring2020.html       Linux
AVS146                            message.gif
AVS196                            mysql
AVS196_303                        mysql_robert
AVS303_anatomylab-1.pdf           pet.txt
AVS303.html                       PIXELSHI.GIF
AVS353                            READING.HTM
AVS393                            README.md
AVS_courses_sequence_feepass.pdf  SeMELISA
Barn_Manual                       SEMPCR
Bolshoi                           stblec1.htm
feepass.htm                       SyllabusAVS303fall2020.pdf
Hiring                            things.txt
horsebarn2.sql                    welcomewitter.html
[robert@localhost robertcausey.github.io]$ cd mysql_robert/
[robert@localhost mysql_robert]$ ls
20210614_console.txt  horsebarn2.sql                      pet.txt
avs196.txt            impteat.txt                         staff.txt
avs303.txt            insert_data_from_another_table.txt  summer2021.txt
avs397.txt            mysqldump.txt                       test_db.sql
event.txt             mysqlimport.txt
[robert@localhost mysql_robert]$ cat event.txt 
Fluffy	1995-05-15	litter	4 kittens, 3 female, 1 male
Buffy	1993-06-23	litter	5 puppies, 2 female, 3 male
Buffy	1994-06-19	litter	3 puppies, 3 female
Chirpy	1999-03-21	vet	needed beak straightened
Slim	1997-08-03	vet	broken rib
Bowser	1991-10-12	kennel	
Fang	1991-10-12	kennel	
Fang	1998-08-28	birthday	Gave him a new chew toy
Claws	1998-03-17	birthday	Gave him a new flea collar
Whistler	1998-12-09	birthday	First birthday
[robert@localhost mysql_robert]$ mkdir menagerie
[robert@localhost mysql_robert]$ ls
20210614_console.txt  horsebarn2.sql                      mysqlimport.txt
avs196.txt            impteat.txt                         pet.txt
avs303.txt            insert_data_from_another_table.txt  staff.txt
avs397.txt            menagerie                           summer2021.txt
event.txt             mysqldump.txt                       test_db.sql
[robert@localhost mysql_robert]$ mv event.txt menagerie/
[robert@localhost mysql_robert]$ mv impteat.txt menagerie/
[robert@localhost mysql_robert]$ cat test_db.sql 
-- MySQL dump 10.13  Distrib 8.0.25, for Linux (x86_64)
--
-- Host: localhost    Database: test_db
-- ------------------------------------------------------
-- Server version	8.0.25

/*!40101 SET @OLD_CHARACTER_SET_CLIENT=@@CHARACTER_SET_CLIENT */;
/*!40101 SET @OLD_CHARACTER_SET_RESULTS=@@CHARACTER_SET_RESULTS */;
/*!40101 SET @OLD_COLLATION_CONNECTION=@@COLLATION_CONNECTION */;
/*!50503 SET NAMES utf8mb4 */;
/*!40103 SET @OLD_TIME_ZONE=@@TIME_ZONE */;
/*!40103 SET TIME_ZONE='+00:00' */;
/*!40014 SET @OLD_UNIQUE_CHECKS=@@UNIQUE_CHECKS, UNIQUE_CHECKS=0 */;
/*!40014 SET @OLD_FOREIGN_KEY_CHECKS=@@FOREIGN_KEY_CHECKS, FOREIGN_KEY_CHECKS=0 */;
/*!40101 SET @OLD_SQL_MODE=@@SQL_MODE, SQL_MODE='NO_AUTO_VALUE_ON_ZERO' */;
/*!40111 SET @OLD_SQL_NOTES=@@SQL_NOTES, SQL_NOTES=0 */;

--
-- Table structure for table `test_table_1`
--

DROP TABLE IF EXISTS `test_table_1`;
/*!40101 SET @saved_cs_client     = @@character_set_client */;
/*!50503 SET character_set_client = utf8mb4 */;
CREATE TABLE `test_table_1` (
  `id_no` mediumint unsigned NOT NULL AUTO_INCREMENT,
  `horse` varchar(20) NOT NULL,
  `color` enum('Bay','Brown','Grey','Buckskin','Black') DEFAULT NULL,
  PRIMARY KEY (`id_no`)
) ENGINE=InnoDB AUTO_INCREMENT=3 DEFAULT CHARSET=utf8mb4 COLLATE=utf8mb4_0900_ai_ci;
/*!40101 SET character_set_client = @saved_cs_client */;

--
-- Dumping data for table `test_table_1`
--

LOCK TABLES `test_table_1` WRITE;
/*!40000 ALTER TABLE `test_table_1` DISABLE KEYS */;
INSERT INTO `test_table_1` VALUES (1,'Wicky','Bay'),(2,'Laney','Bay');
/*!40000 ALTER TABLE `test_table_1` ENABLE KEYS */;
UNLOCK TABLES;
/*!40103 SET TIME_ZONE=@OLD_TIME_ZONE */;

/*!40101 SET SQL_MODE=@OLD_SQL_MODE */;
/*!40014 SET FOREIGN_KEY_CHECKS=@OLD_FOREIGN_KEY_CHECKS */;
/*!40014 SET UNIQUE_CHECKS=@OLD_UNIQUE_CHECKS */;
/*!40101 SET CHARACTER_SET_CLIENT=@OLD_CHARACTER_SET_CLIENT */;
/*!40101 SET CHARACTER_SET_RESULTS=@OLD_CHARACTER_SET_RESULTS */;
/*!40101 SET COLLATION_CONNECTION=@OLD_COLLATION_CONNECTION */;
/*!40111 SET SQL_NOTES=@OLD_SQL_NOTES */;

-- Dump completed on 2021-06-02 17:39:21
[robert@localhost mysql_robert]$ ls
20210614_console.txt  insert_data_from_another_table.txt  staff.txt
avs196.txt            menagerie                           summer2021.txt
avs303.txt            mysqldump.txt                       test_db.sql
avs397.txt            mysqlimport.txt
horsebarn2.sql        pet.txt
[robert@localhost mysql_robert]$ mv pet.txt menagerie/
[robert@localhost mysql_robert]$ mkdir horsebarn2
[robert@localhost mysql_robert]$ mv avs* horsebarn2
[robert@localhost mysql_robert]$ ls
20210614_console.txt                menagerie        summer2021.txt
horsebarn2                          mysqldump.txt    test_db.sql
horsebarn2.sql                      mysqlimport.txt
insert_data_from_another_table.txt  staff.txt
[robert@localhost mysql_robert]$ mv summer2021.txt horsebarn2
[robert@localhost mysql_robert]$ ls
20210614_console.txt  insert_data_from_another_table.txt  mysqlimport.txt
horsebarn2            menagerie                           staff.txt
horsebarn2.sql        mysqldump.txt                       test_db.sql
[robert@localhost mysql_robert]$ mv horsebar2.sql horsebarn2
mv: cannot stat 'horsebar2.sql': No such file or directory
[robert@localhost mysql_robert]$ mv horsebarn2.sql horsebarn2
[robert@localhost mysql_robert]$ ls
20210614_console.txt                menagerie        staff.txt
horsebarn2                          mysqldump.txt    test_db.sql
insert_data_from_another_table.txt  mysqlimport.txt
[robert@localhost mysql_robert]$ mv staff.txt  horsebarn2/
[robert@localhost mysql_robert]$ ls
20210614_console.txt                menagerie        test_db.sql
horsebarn2                          mysqldump.txt
insert_data_from_another_table.txt  mysqlimport.txt
[robert@localhost mysql_robert]$ vim horsebarn2/
[robert@localhost mysql_robert]$ cd horsebarn2/
[robert@localhost horsebarn2]$ ls
avs196.txt  avs303.txt  avs397.txt  horsebarn2.sql  staff.txt  summer2021.txt
[robert@localhost horsebarn2]$ vim event.txt
[robert@localhost horsebarn2]$ cat ../mysqlimport.txt 
mysqlimport- an example. 
1. Set local infile to ON - then exit to shell 
2. In shell, prepare a tab separated text file using vim
3. Im mysql create a table with column headings to receive the text file in the database
mysql> CREATE TABLE summer2021 (student_id VARCHAR(10), name VARCHAR(30), phone VARCHAR(12), email VARCH
AR(40), class VARCHAR(20));
Query OK, 0 rows affected (0.05 sec)

mysql> SHOW TABLES;
+----------------------+
| Tables_in_horsebarn2 |
+----------------------+
| avs196               |
| avs303               |
| avs397               |
| donors               |
| events               |
| horses               |
| physicalexams        |
| reporters            |
| staff                |
| summer2021           |
+----------------------+
10 rows in set (0.00 sec)

4. format the textfile for oxydectile (??) formatting (linux od command) for importing to the table
5.run mysqlimport to put the data in the table 
mysqlimport --local horsebarn2 avs303.txt -u root -p
Enter password:

--------------------------------------------------------------------------------
HERE IS A DETAILED EXAMPLE. IF NECESSARY REFER TO 20210614_console.txt
[robert@localhost ~]$ mysql -u root -p 
Enter password: 
Welcome to the MySQL monitor.  Commands end with ; or \g.
Your MySQL connection id is 13
Server version: 8.0.25 MySQL Community Server - GPL

Copyright (c) 2000, 2021, Oracle and/or its affiliates.

Oracle is a registered trademark of Oracle Corporation and/or its
affiliates. Other names may be trademarks of their respective
owners.

Type 'help;' or '\h' for help. Type '\c' to clear the current input statement.

mysql> SHOW GLOBAL VARIABLES LIKE 'local_infile';
+---------------+-------+
| Variable_name | Value |
+---------------+-------+
| local_infile  | OFF   |
+---------------+-------+
1 row in set (0.00 sec)

mysql> SET GLOBAL local_infile=1;
Query OK, 0 rows affected (0.00 sec)

mysql> exit
Bye
[robert@localhost ~]$ vim avs303.txt 
[robert@localhost ~]$ cat avs303.txt
1141763	Bijjani,Gabriella	978/701-5841	gabriella.bijjani@maine.edu	AVS303	
1022893	Durkee,Olivia C	207/692-3352	olivia.durkee@maine.edu	AVS303	
0050479	McGregor,Mary M	815/245-5993	mary.m.mcgregor@maine.edu	AVS303
1049058	Owen,Sydney B 	352/613-9015 	sydney.b.owen@maine.edu	AVS303	
1079458	Schnaitmann,Elizabeth M	203/445-3311	elizabeth.schnaitmann@maine.eduAVS303	
1115131	Starks,Lauren	207/852-6270	lauren.starks@maine.edu	AVS303

[robert@localhost ~]$ od -c avs303.txt
0000000   1   1   4   1   7   6   3  \t   B   i   j   j   a   n   i   ,
0000020   G   a   b   r   i   e   l   l   a  \t   9   7   8   /   7   0
0000040   1   -   5   8   4   1  \t   g   a   b   r   i   e   l   l   a
0000060   .   b   i   j   j   a   n   i   @   m   a   i   n   e   .   e
0000100   d   u  \t   A   V   S   3   0   3  \t  \n   1   0   2   2   8
0000120   9   3  \t   D   u   r   k   e   e   ,   O   l   i   v   i   a
0000140       C  \t   2   0   7   /   6   9   2   -   3   3   5   2  \t
0000160   o   l   i   v   i   a   .   d   u   r   k   e   e   @   m   a
0000200   i   n   e   .   e   d   u  \t   A   V   S   3   0   3  \t  \n
0000220   0   0   5   0   4   7   9  \t   M   c   G   r   e   g   o   r
0000240   ,   M   a   r   y       M  \t   8   1   5   /   2   4   5   -
0000260   5   9   9   3  \t   m   a   r   y   .   m   .   m   c   g   r
0000300   e   g   o   r   @   m   a   i   n   e   .   e   d   u  \t   A
0000320   V   S   3   0   3  \n   1   0   4   9   0   5   8  \t   O   w
0000340   e   n   ,   S   y   d   n   e   y       B      \t   3   5   2
0000360   /   6   1   3   -   9   0   1   5      \t   s   y   d   n   e
0000400   y   .   b   .   o   w   e   n   @   m   a   i   n   e   .   e
0000420   d   u  \t   A   V   S   3   0   3  \t  \n   1   0   7   9   4
0000440   5   8  \t   S   c   h   n   a   i   t   m   a   n   n   ,   E
0000460   l   i   z   a   b   e   t   h       M  \t   2   0   3   /   4
0000500   4   5   -   3   3   1   1  \t   e   l   i   z   a   b   e   t
0000520   h   .   s   c   h   n   a   i   t   m   a   n   n   @   m   a
0000540   i   n   e   .   e   d   u  \t   A   V   S   3   0   3  \t  \n
0000560   1   1   1   5   1   3   1  \t   S   t   a   r   k   s   ,   L
0000600   a   u   r   e   n  \t   2   0   7   /   8   5   2   -   6   2
0000620   7   0  \t   l   a   u   r   e   n   .   s   t   a   r   k   s
0000640   @   m   a   i   n   e   .   e   d   u  \t   A   V   S   3   0
0000660   3  \n
0000662
[robert@localhost ~]$ mysqlimport --local horsebarn2 avs303.txt -u root -p
Enter password: 
horsebarn2.avs303: Records: 6  Deleted: 0  Skipped: 0  Warnings: 1


Gives you
mysql> SELECT * FROM avs303;
+------------+-------------------------+--------------+---------------------------------+--------+
| student_id | name                    | phone        | email                           | class  |
+------------+-------------------------+--------------+---------------------------------+--------+
| 1141763    | Bijjani,Gabriella       | 978/701-5841 | gabriella.bijjani@maine.edu     | AVS303 |
| 1022893    | Durkee,Olivia C         | 207/692-3352 | olivia.durkee@maine.edu         | AVS303 |
| 0050479    | McGregor,Mary M         | 815/245-5993 | mary.m.mcgregor@maine.edu       | AVS303 |
| 1049058    | Owen,Sydney B           | 352/613-9015 | sydney.b.owen@maine.edu         | AVS303 |
| 1079458    | Schnaitmann,Elizabeth M | 203/445-3311 | elizabeth.schnaitmann@maine.edu | AVS303 |
| 1115131    | Starks,Lauren           | 207/852-6270 | lauren.starks@maine.edu         | AVS303 |
+------------+-------------------------+--------------+---------------------------------+--------+
6 rows in set (0.00 sec)

[robert@localhost horsebarn2]$ od -c avs303.txt
0000000   1   1   4   1   7   6   3  \t   B   i   j   j   a   n   i   ,
0000020   G   a   b   r   i   e   l   l   a  \t   9   7   8   /   7   0
0000040   1   -   5   8   4   1  \t   g   a   b   r   i   e   l   l   a
0000060   .   b   i   j   j   a   n   i   @   m   a   i   n   e   .   e
0000100   d   u  \t   A   V   S   3   0   3  \t  \n   1   0   2   2   8
0000120   9   3  \t   D   u   r   k   e   e   ,   O   l   i   v   i   a
0000140       C  \t   2   0   7   /   6   9   2   -   3   3   5   2  \t
0000160   o   l   i   v   i   a   .   d   u   r   k   e   e   @   m   a
0000200   i   n   e   .   e   d   u  \t   A   V   S   3   0   3  \t  \n
0000220   0   0   5   0   4   7   9  \t   M   c   G   r   e   g   o   r
0000240   ,   M   a   r   y       M  \t   8   1   5   /   2   4   5   -
0000260   5   9   9   3  \t   m   a   r   y   .   m   .   m   c   g   r
0000300   e   g   o   r   @   m   a   i   n   e   .   e   d   u  \t   A
0000320   V   S   3   0   3  \n   1   0   4   9   0   5   8  \t   O   w
0000340   e   n   ,   S   y   d   n   e   y       B      \t   3   5   2
0000360   /   6   1   3   -   9   0   1   5      \t   s   y   d   n   e
0000400   y   .   b   .   o   w   e   n   @   m   a   i   n   e   .   e
0000420   d   u  \t   A   V   S   3   0   3  \t  \n   1   0   7   9   4
0000440   5   8  \t   S   c   h   n   a   i   t   m   a   n   n   ,   E
0000460   l   i   z   a   b   e   t   h       M  \t   2   0   3   /   4
0000500   4   5   -   3   3   1   1  \t   e   l   i   z   a   b   e   t
0000520   h   .   s   c   h   n   a   i   t   m   a   n   n   @   m   a
0000540   i   n   e   .   e   d   u  \t   A   V   S   3   0   3  \t  \n
0000560   1   1   1   5   1   3   1  \t   S   t   a   r   k   s   ,   L
0000600   a   u   r   e   n  \t   2   0   7   /   8   5   2   -   6   2
0000620   7   0  \t   l   a   u   r   e   n   .   s   t   a   r   k   s
0000640   @   m   a   i   n   e   .   e   d   u  \t   A   V   S   3   0
0000660   3  \n
0000662
[robert@localhost horsebarn2]$ ls
avs196.txt  avs303.txt  avs397.txt  event.txt  horsebarn2.sql  staff.txt  summer2021.txt
[robert@localhost horsebarn2]$ od -c event.txt
0000000   n   u   l   l  \t   1  \t   2   0   2   1   -   0   5   -   1
0000020   8  \t   C   a   u   s   e   y  \t   f   a   r   r   i   e   r
0000040  \t   J   e   r   r   y       H   a   r   r   i   m   a   n    
0000060   n   o   t   i   c   e   d       w   h   i   t   e       l   i
0000100   n   e       d   i   s   e   a   s   e  \n   n   u   l   l  \t
0000120   1  \t   2   0   2   1   -   0   5   -   2   5  \t   C   a   u
0000140   s   e   y  \t   v   a   c   c   i   n   a   t   i   o   n   s
0000160  \t   F   L   A   V   A   -   D   e   n   n   i   s       R   u
0000200   c   k   s   z   n   i   s   :       R   a   b   i   e   s   ,
0000220       T   e   t   a   n   u   s   ,       E   a   s   t   e   r
0000240   n   /   W   e   s   t   e   r   n       E   q   u   i   n   e
0000260       e   n   c   e   p   h   a   l   i   t   i   s   ,       W
0000300   e   s   t       N   i   l   e       v   i   r   u   s   ,    
0000320   E   q   u   i   n   e       I   n   f   l   u   e   n   z   a
0000340   ,       E   q   u   i   n   e       R   h   i   n   o   p   n
0000360   e   u   m   o   n   i   t   i   s       v   i   r   u   s    
0000400  \n   n   u   l   l  \t   2  \t   2   0   2   1   -   0   5   -
0000420   2   5  \t   C   a   u   s   e   y  \t   f   a   r   r   i   e
0000440   r  \t   J   e   r   r   y       H   a   r   r   i   m   a   n
0000460       n   o   t   i   c   e   d       n   o       s   i   g   n
0000500   i   f   i   c   a   n   t       w   h   i   t   e       l   i
0000520   n   e       d   i   s   e   a   s   e       -       o   n    
0000540   a       h   i   g   h   e   r       g   r   a   i   n       r
0000560   a   t   i   o   n       t   h   a   n       o   t   h   e   r
0000600       h   o   r   s   e   s  \n   n   u   l   l      \t   2  \t
0000620   2   0   2   1   -   0   5   -   2   5  \t   C   a   u   s   e
0000640   y  \t   v   a   c   c   i   n   a   t   i   o   n   s  \t   F
0000660   L   A   V   A   -   D   e   n   n   i   s       R   u   c   k
0000700   s   z   n   i   s   :       R   a   b   i   e   s   ,       T
0000720   e   t   a   n   u   s   ,       E   a   s   t   e   r   n   /
0000740   W   e   s   t   e   r   n       E   q   u   i   n   e       e
0000760   n   c   e   p   h   a   l   i   t   i   s   ,       W   e   s
0001000   t       N   i   l   e       v   i   r   u   s   ,       E   q
0001020   u   i   n   e       I   n   f   l   u   e   n   z   a   ,    
0001040   E   q   u   i   n   e       R   h   i   n   o   p   n   e   u
0001060   m   o   n   i   t   i   s       v   i   r   u   s   .       H
0001100   a   s       l   o   s   t       w   e   i   g   h   t       s
0001120   i   n   c   e       D   e   n   n   i   s   '       l   a   s
0001140   t       v   i   s   i   t   .       D   e   n   n   i   s    
0001160   w   i   l   l       p   u   l   l       a       b   l   o   o
0001200   d       s   a   m   p   l   e       (   A   C   T   H   )    
0001220   t   o       t   e   s   t       f   o   r       C   u   s   h
0001240   i   n   g   '   s       d   i   s   e   a   s   e   .       E
0001260   x   a   m   i   n   a   t   i   o   n       o   f       t   e
0001300   e   t   h       r   e   v   e   a   l   e   d       r   e   d
0001320   u   c   t   i   o   n       o   f       c   a   p   a   c   i
0001340   t   y       f   o   r       m   a   s   t   i   c   a   t   i
0001360   o   n       c   o   n   s   i   s   t   e   n   t       w   i
0001400   t   h       a       h   o   r   s   e       o   f       h   i
0001420   s       a   g   e   ,       b   u   t       s   t   i   l   l
0001440       s   o   m   e       s   i   g   n   i   f   i   c   a   n
0001460   t       m   o   l   a   r   s       t   o   w   a   r   d    
0001500   t   h   e       r   e   a   r       o   f       t   h   e    
0001520   m   o   u   t   h   .      \n   n   u   l   l  \t   2  \t   2
0001540   0   2   1   -   0   6   -   0   3  \t   C   a   u   s   e   y
0001560  \t   d   e   n   t   a   l      \t   P   e   r   f   o   r   m
0001600   e   d       b   y       D   r       K   a   t   r   i   n   a
0001620       G   l   a   u   d   e   .       M   i   s   s   i   n   g
0001640       t   e   e   t   h   ,       a   n   d       a       b   r
0001660   o   k   e   n       r   i   g   h   t       l   o   w   e   r
0001700       c   a   n   i   n   e   .       S   h   e       s   u   g
0001720   g   e   s   t   e   d       s   o   a   k   e   d       a   l
0001740   f   a   l   f   a       c   u   b   e   s       a   s       a
0001760       w   a   y       t   o       m   a   n   a   g   e       w
0002000   e   i   g   h   t   .       M   i   n   i   m   a   l       a
0002020   m   o   u   n   t       o   f       f   l   o   a   t   i   n
0002040   g       w   a   s       p   e   r   f   o   r   m   e   d    
0002060   t   o       p   r   e   s   e   r   v   e       r   e   m   a
0002100   i   n   i   n   g       t   e   e   t   h   .       D   r    
0002120   G   l   a   u   d   e       p   u   l   l   e   d       t   w
0002140   o       p   u   r   p   l   e       t   o   p       t   u   b
0002160   e   s       f   o   r       A   C   T   H   .       T   u   u
0002200   l   i       O   v   e   r   t   u   r   f       p   i   c   k
0002220   e   d       t   h   e   m       u   p       a   n   d       t
0002240   r   a   n   s   p   o   r   t   e   d       t   h   e   m    
0002260   t   o       F   L   A   V   A       f   o   r       s   u   b
0002300   m   i   s   s   i   o   n   .  \n   n   u   l   l  \t   3  \t
0002320   2   0   2   1   -   0   5   -   1   8  \t   C   a   u   s   e
0002340   y  \t   f   a   r   r   i   e   r  \t   J   e   r   r   y    
0002360   H   a   r   r   i   m   a   n       n   o   t   i   c   e   d
0002400       n   o       s   i   g   n   i   f   i   c   a   n   t    
0002420   w   h   i   t   e       l   i   n   e       d   i   s   e   a
0002440   s   e       -       r   e   c   e   i   v   i   n   g       s
0002460   u   p   p   l   e   m   e   n   t   a   l       a   l   f   a
0002500   l   f   a  \n   n   u   l   l  \t   3  \t   2   0   2   1   -
0002520   0   5   -   2   5  \t   C   a   u   s   e   y  \t   v   a   c
0002540   c   i   n   a   t   i   o   n   s  \t   F   L   A   V   A   -
0002560   D   e   n   n   i   s       R   u   c   k   s   z   n   i   s
0002600   :       R   a   b   i   e   s   ,       T   e   t   a   n   u
0002620   s   ,       E   a   s   t   e   r   n   /   W   e   s   t   e
0002640   r   n       E   q   u   i   n   e       e   n   c   e   p   h
0002660   a   l   i   t   i   s   ,       W   e   s   t       N   i   l
0002700   e       v   i   r   u   s   ,       E   q   u   i   n   e    
0002720   I   n   f   l   u   e   n   z   a   ,       E   q   u   i   n
0002740   e       R   h   i   n   o   p   n   e   u   m   o   n   i   t
0002760   i   s       v   i   r   u   s      \n   n   u   l   l  \t   3
0003000  \t   2   0   2   1   -   0   6   -   0   3  \t   C   a   u   s
0003020   e   y  \t   d   e   n   t   a   l  \t   P   e   r   f   o   r
0003040   m   e   d       b   y       D   r       K   a   t   r   i   n
0003060   a       G   l   a   u   d   e   .       N   o   t   i   c   e
0003100   a   b   l   e       h   o   o   k   s   ,       r   i   d   g
0003120   e   s       a   n   d       s   o   m   e       u   l   c   e
0003140   r   a   t   i   o   n   s   .          \n   n   u   l   l  \t
0003160   4  \t   2   0   2   1   -   0   5   -   1   8  \t   C   a   u
0003200   s   e   y  \t   f   a   r   r   i   e   r  \t   J   e   r   r
0003220   y       H   a   r   r   i   m   a   n       n   o   t   i   c
0003240   e   d       w   h   i   t   e       l   i   n   e       d   i
0003260   s   e   a   s   e  \n   n   u   l   l  \t   4  \t   2   0   2
0003300   1   -   0   5   -   2   5  \t   C   a   u   s   e   y  \t   v
0003320   a   c   c   i   n   a   t   i   o   n   s  \t   F   L   A   V
0003340   A   -   D   e   n   n   i   s       R   u   c   k   s   z   n
0003360   i   s   :       R   a   b   i   e   s   ,       T   e   t   a
0003400   n   u   s   ,       E   a   s   t   e   r   n   /   W   e   s
0003420   t   e   r   n       E   q   u   i   n   e       e   n   c   e
0003440   p   h   a   l   i   t   i   s   ,       W   e   s   t       N
0003460   i   l   e       v   i   r   u   s   ,       E   q   u   i   n
0003500   e       I   n   f   l   u   e   n   z   a   ,       E   q   u
0003520   i   n   e       R   h   i   n   o   p   n   e   u   m   o   n
0003540   i   t   i   s       v   i   r   u   s      \n   n   u   l   l
0003560  \t   5  \t   2   0   2   1   -   0   5   -   1   8  \t   C   a
0003600   u   s   e   y  \t   f   a   r   r   i   e   r  \t   J   e   r
0003620   r   y       H   a   r   r   i   m   a   n       n   o   t   i
0003640   c   e   d       w   h   i   t   e       l   i   n   e       d
0003660   i   s   e   a   s   e  \n   n   u   l   l  \t   5  \t   2   0
0003700   2   1   -   0   5   -   2   5  \t   C   a   u   s   e   y  \t
0003720   v   a   c   c   i   n   a   t   i   o   n   s  \t   F   L   A
0003740   V   A   -   D   e   n   n   i   s       R   u   c   k   s   z
0003760   n   i   s   :       R   a   b   i   e   s   ,       T   e   t
0004000   a   n   u   s   ,       E   a   s   t   e   r   n   /   W   e
0004020   s   t   e   r   n       E   q   u   i   n   e       e   n   c
0004040   e   p   h   a   l   i   t   i   s   ,       W   e   s   t    
0004060   N   i   l   e       v   i   r   u   s   ,       E   q   u   i
0004100   n   e       I   n   f   l   u   e   n   z   a   ,       E   q
0004120   u   i   n   e       R   h   i   n   o   p   n   e   u   m   o
0004140   n   i   t   i   s       v   i   r   u   s      \n   n   u   l
0004160   l  \t   6  \t   2   0   2   1   -   0   5   -   1   8  \t   C
0004200   a   u   s   e   y  \t   f   a   r   r   i   e   r  \t   J   e
0004220   r   r   y       H   a   r   r   i   m   a   n       n   o   t
0004240   i   c   e   d       w   h   i   t   e       l   i   n   e    
0004260   d   i   s   e   a   s   e  \n   n   u   l   l  \t   6  \t   2
0004300   0   2   1   -   0   5   -   2   5  \t   C   a   u   s   e   y
0004320  \t   v   a   c   c   i   n   a   t   i   o   n   s  \t   F   L
0004340   A   V   A   -   D   e   n   n   i   s       R   u   c   k   s
0004360   z   n   i   s   :       R   a   b   i   e   s   ,       T   e
0004400   t   a   n   u   s   ,       E   a   s   t   e   r   n   /   W
0004420   e   s   t   e   r   n       E   q   u   i   n   e       e   n
0004440   c   e   p   h   a   l   i   t   i   s   ,       W   e   s   t
0004460       N   i   l   e       v   i   r   u   s   ,       E   q   u
0004500   i   n   e       I   n   f   l   u   e   n   z   a   ,       E
0004520   q   u   i   n   e       R   h   i   n   o   p   n   e   u   m
0004540   o   n   i   t   i   s       v   i   r   u   s      \n   n   u
0004560   l   l  \t   7  \t   2   0   2   1   -   0   5   -   1   8  \t
0004600   C   a   u   s   e   y  \t   f   a   r   r   i   e   r  \t   J
0004620   e   r   r   y       H   a   r   r   i   m   a   n       n   o
0004640   t   i   c   e   d       w   h   i   t   e       l   i   n   e
0004660       d   i   s   e   a   s   e  \n   n   u   l   l  \t   7  \t
0004700   2   0   2   1   -   0   5   -   2   5  \t   C   a   u   s   e
0004720   y  \t   v   a   c   c   i   n   a   t   i   o   n   s  \t   F
0004740   L   A   V   A   -   D   e   n   n   i   s       R   u   c   k
0004760   s   z   n   i   s   :       R   a   b   i   e   s   ,       T
0005000   e   t   a   n   u   s   ,       E   a   s   t   e   r   n   /
0005020   W   e   s   t   e   r   n       E   q   u   i   n   e       e
0005040   n   c   e   p   h   a   l   i   t   i   s   ,       W   e   s
0005060   t       N   i   l   e       v   i   r   u   s   ,       E   q
0005100   u   i   n   e       I   n   f   l   u   e   n   z   a   ,    
0005120   E   q   u   i   n   e       R   h   i   n   o   p   n   e   u
0005140   m   o   n   i   t   i   s       v   i   r   u   s      \n   n
0005160   u   l   l  \t   8  \t   2   0   2   1   -   0   5   -   2   5
0005200  \t   C   a   u   s   e   y  \t   f   a   r   r   i   e   r  \t
0005220   J   e   r   r   y       H   a   r   r   i   m   a   n       n
0005240   o   t   i   c   e   d       w   h   i   t   e       l   i   n
0005260   e       d   i   s   e   a   s   e  \n   n   u   l   l  \t   8
0005300  \t   2   0   2   1   -   0   5   -   2   5  \t   C   a   u   s
0005320   e   y  \t   v   a   c   c   i   n   a   t   i   o   n   s  \t
0005340   F   L   A   V   A   -   D   e   n   n   i   s       R   u   c
0005360   k   s   z   n   i   s   :       R   a   b   i   e   s   ,    
0005400   T   e   t   a   n   u   s   ,       E   a   s   t   e   r   n
0005420   /   W   e   s   t   e   r   n       E   q   u   i   n   e    
0005440   e   n   c   e   p   h   a   l   i   t   i   s   ,       W   e
0005460   s   t       N   i   l   e       v   i   r   u   s   ,       E
0005500   q   u   i   n   e       I   n   f   l   u   e   n   z   a   ,
0005520       E   q   u   i   n   e       R   h   i   n   o   p   n   e
0005540   u   m   o   n   i   t   i   s       v   i   r   u   s      \n
0005560   n   u   l   l  \t   9  \t   2   0   2   1   -   0   5   -   2
0005600   5  \t   C   a   u   s   e   y  \t   f   a   r   r   i   e   r
0005620  \t   J   e   r   r   y       H   a   r   r   i   m   a   n    
0005640   n   o   t   i   c   e   d       w   h   i   t   e       l   i
0005660   n   e       d   i   s   e   a   s   e  \n   n   u   l   l  \t
0005700   9  \t   2   0   2   1   -   0   5   -   2   5  \t   C   a   u
0005720   s   e   y  \t   v   a   c   c   i   n   a   t   i   o   n   s
0005740  \t   F   L   A   V   A   -   D   e   n   n   i   s       R   u
0005760   c   k   s   z   n   i   s   :       R   a   b   i   e   s   ,
0006000       T   e   t   a   n   u   s   ,       E   a   s   t   e   r
0006020   n   /   W   e   s   t   e   r   n       E   q   u   i   n   e
0006040       e   n   c   e   p   h   a   l   i   t   i   s   ,       W
0006060   e   s   t       N   i   l   e       v   i   r   u   s   ,    
0006100   E   q   u   i   n   e       I   n   f   l   u   e   n   z   a
0006120   ,       E   q   u   i   n   e       R   h   i   n   o   p   n
0006140   e   u   m   o   n   i   t   i   s       v   i   r   u   s    
0006160  \n   n   u   l   l  \t   1   0  \t   2   0   2   1   -   0   5
0006200   -   2   5  \t   C   a   u   s   e   y  \t   f   a   r   r   i
0006220   e   r  \t   J   e   r   r   y       H   a   r   r   i   m   a
0006240   n       n   o   t   i   c   e   d       w   h   i   t   e    
0006260   l   i   n   e       d   i   s   e   a   s   e  \n   n   u   l
0006300   l  \t   1   0  \t   2   0   2   1   -   0   5   -   2   5  \t
0006320   C   a   u   s   e   y  \t   v   a   c   c   i   n   a   t   i
0006340   o   n   s  \t   F   L   A   V   A   -   D   e   n   n   i   s
0006360       R   u   c   k   s   z   n   i   s   :       R   a   b   i
0006400   e   s   ,       T   e   t   a   n   u   s   ,       E   a   s
0006420   t   e   r   n   /   W   e   s   t   e   r   n       E   q   u
0006440   i   n   e       e   n   c   e   p   h   a   l   i   t   i   s
0006460   ,       W   e   s   t       N   i   l   e       v   i   r   u
0006500   s   ,       E   q   u   i   n   e       I   n   f   l   u   e
0006520   n   z   a   ,       E   q   u   i   n   e       R   h   i   n
0006540   o   p   n   e   u   m   o   n   i   t   i   s       v   i   r
0006560   u   s      \n   n   u   l   l  \t   1   1  \t   2   0   2   1
0006600   -   0   5   -   2   5  \t   C   a   u   s   e   y  \t   f   a
0006620   r   r   i   e   r  \t   J   e   r   r   y       H   a   r   r
0006640   i   m   a   n       n   o   t   i   c   e   d       w   h   i
0006660   t   e       l   i   n   e       d   i   s   e   a   s   e  \n
0006700   n   u   l   l  \t   1   1  \t   2   0   2   1   -   0   5   -
0006720   2   5  \t   C   a   u   s   e   y  \t   v   a   c   c   i   n
0006740   a   t   i   o   n   s  \t   F   L   A   V   A   -   D   e   n
0006760   n   i   s       R   u   c   k   s   z   n   i   s   :       R
0007000   a   b   i   e   s   ,       T   e   t   a   n   u   s   ,    
0007020   E   a   s   t   e   r   n   /   W   e   s   t   e   r   n    
0007040   E   q   u   i   n   e       e   n   c   e   p   h   a   l   i
0007060   t   i   s   ,       W   e   s   t       N   i   l   e       v
0007100   i   r   u   s   ,       E   q   u   i   n   e       I   n   f
0007120   l   u   e   n   z   a   ,       E   q   u   i   n   e       R
0007140   h   i   n   o   p   n   e   u   m   o   n   i   t   i   s    
0007160   v   i   r   u   s      \n  \n  \n
0007171
[robert@localhost horsebarn2]$ mv event.txt events.txt
[robert@localhost horsebarn2]$ od -c events.txt
0000000   n   u   l   l  \t   1  \t   2   0   2   1   -   0   5   -   1
0000020   8  \t   C   a   u   s   e   y  \t   f   a   r   r   i   e   r
0000040  \t   J   e   r   r   y       H   a   r   r   i   m   a   n    
0000060   n   o   t   i   c   e   d       w   h   i   t   e       l   i
0000100   n   e       d   i   s   e   a   s   e  \n   n   u   l   l  \t
0000120   1  \t   2   0   2   1   -   0   5   -   2   5  \t   C   a   u
0000140   s   e   y  \t   v   a   c   c   i   n   a   t   i   o   n   s
0000160  \t   F   L   A   V   A   -   D   e   n   n   i   s       R   u
0000200   c   k   s   z   n   i   s   :       R   a   b   i   e   s   ,
0000220       T   e   t   a   n   u   s   ,       E   a   s   t   e   r
0000240   n   /   W   e   s   t   e   r   n       E   q   u   i   n   e
0000260       e   n   c   e   p   h   a   l   i   t   i   s   ,       W
0000300   e   s   t       N   i   l   e       v   i   r   u   s   ,    
0000320   E   q   u   i   n   e       I   n   f   l   u   e   n   z   a
0000340   ,       E   q   u   i   n   e       R   h   i   n   o   p   n
0000360   e   u   m   o   n   i   t   i   s       v   i   r   u   s    
0000400  \n   n   u   l   l  \t   2  \t   2   0   2   1   -   0   5   -
0000420   2   5  \t   C   a   u   s   e   y  \t   f   a   r   r   i   e
0000440   r  \t   J   e   r   r   y       H   a   r   r   i   m   a   n
0000460       n   o   t   i   c   e   d       n   o       s   i   g   n
0000500   i   f   i   c   a   n   t       w   h   i   t   e       l   i
0000520   n   e       d   i   s   e   a   s   e       -       o   n    
0000540   a       h   i   g   h   e   r       g   r   a   i   n       r
0000560   a   t   i   o   n       t   h   a   n       o   t   h   e   r
0000600       h   o   r   s   e   s  \n   n   u   l   l      \t   2  \t
0000620   2   0   2   1   -   0   5   -   2   5  \t   C   a   u   s   e
0000640   y  \t   v   a   c   c   i   n   a   t   i   o   n   s  \t   F
0000660   L   A   V   A   -   D   e   n   n   i   s       R   u   c   k
0000700   s   z   n   i   s   :       R   a   b   i   e   s   ,       T
0000720   e   t   a   n   u   s   ,       E   a   s   t   e   r   n   /
0000740   W   e   s   t   e   r   n       E   q   u   i   n   e       e
0000760   n   c   e   p   h   a   l   i   t   i   s   ,       W   e   s
0001000   t       N   i   l   e       v   i   r   u   s   ,       E   q
0001020   u   i   n   e       I   n   f   l   u   e   n   z   a   ,    
0001040   E   q   u   i   n   e       R   h   i   n   o   p   n   e   u
0001060   m   o   n   i   t   i   s       v   i   r   u   s   .       H
0001100   a   s       l   o   s   t       w   e   i   g   h   t       s
0001120   i   n   c   e       D   e   n   n   i   s   '       l   a   s
0001140   t       v   i   s   i   t   .       D   e   n   n   i   s    
0001160   w   i   l   l       p   u   l   l       a       b   l   o   o
0001200   d       s   a   m   p   l   e       (   A   C   T   H   )    
0001220   t   o       t   e   s   t       f   o   r       C   u   s   h
0001240   i   n   g   '   s       d   i   s   e   a   s   e   .       E
0001260   x   a   m   i   n   a   t   i   o   n       o   f       t   e
0001300   e   t   h       r   e   v   e   a   l   e   d       r   e   d
0001320   u   c   t   i   o   n       o   f       c   a   p   a   c   i
0001340   t   y       f   o   r       m   a   s   t   i   c   a   t   i
0001360   o   n       c   o   n   s   i   s   t   e   n   t       w   i
0001400   t   h       a       h   o   r   s   e       o   f       h   i
0001420   s       a   g   e   ,       b   u   t       s   t   i   l   l
0001440       s   o   m   e       s   i   g   n   i   f   i   c   a   n
0001460   t       m   o   l   a   r   s       t   o   w   a   r   d    
0001500   t   h   e       r   e   a   r       o   f       t   h   e    
0001520   m   o   u   t   h   .      \n   n   u   l   l  \t   2  \t   2
0001540   0   2   1   -   0   6   -   0   3  \t   C   a   u   s   e   y
0001560  \t   d   e   n   t   a   l      \t   P   e   r   f   o   r   m
0001600   e   d       b   y       D   r       K   a   t   r   i   n   a
0001620       G   l   a   u   d   e   .       M   i   s   s   i   n   g
0001640       t   e   e   t   h   ,       a   n   d       a       b   r
0001660   o   k   e   n       r   i   g   h   t       l   o   w   e   r
0001700       c   a   n   i   n   e   .       S   h   e       s   u   g
0001720   g   e   s   t   e   d       s   o   a   k   e   d       a   l
0001740   f   a   l   f   a       c   u   b   e   s       a   s       a
0001760       w   a   y       t   o       m   a   n   a   g   e       w
0002000   e   i   g   h   t   .       M   i   n   i   m   a   l       a
0002020   m   o   u   n   t       o   f       f   l   o   a   t   i   n
0002040   g       w   a   s       p   e   r   f   o   r   m   e   d    
0002060   t   o       p   r   e   s   e   r   v   e       r   e   m   a
0002100   i   n   i   n   g       t   e   e   t   h   .       D   r    
0002120   G   l   a   u   d   e       p   u   l   l   e   d       t   w
0002140   o       p   u   r   p   l   e       t   o   p       t   u   b
0002160   e   s       f   o   r       A   C   T   H   .       T   u   u
0002200   l   i       O   v   e   r   t   u   r   f       p   i   c   k
0002220   e   d       t   h   e   m       u   p       a   n   d       t
0002240   r   a   n   s   p   o   r   t   e   d       t   h   e   m    
0002260   t   o       F   L   A   V   A       f   o   r       s   u   b
0002300   m   i   s   s   i   o   n   .  \n   n   u   l   l  \t   3  \t
0002320   2   0   2   1   -   0   5   -   1   8  \t   C   a   u   s   e
0002340   y  \t   f   a   r   r   i   e   r  \t   J   e   r   r   y    
0002360   H   a   r   r   i   m   a   n       n   o   t   i   c   e   d
0002400       n   o       s   i   g   n   i   f   i   c   a   n   t    
0002420   w   h   i   t   e       l   i   n   e       d   i   s   e   a
0002440   s   e       -       r   e   c   e   i   v   i   n   g       s
0002460   u   p   p   l   e   m   e   n   t   a   l       a   l   f   a
0002500   l   f   a  \n   n   u   l   l  \t   3  \t   2   0   2   1   -
0002520   0   5   -   2   5  \t   C   a   u   s   e   y  \t   v   a   c
0002540   c   i   n   a   t   i   o   n   s  \t   F   L   A   V   A   -
0002560   D   e   n   n   i   s       R   u   c   k   s   z   n   i   s
0002600   :       R   a   b   i   e   s   ,       T   e   t   a   n   u
0002620   s   ,       E   a   s   t   e   r   n   /   W   e   s   t   e
0002640   r   n       E   q   u   i   n   e       e   n   c   e   p   h
0002660   a   l   i   t   i   s   ,       W   e   s   t       N   i   l
0002700   e       v   i   r   u   s   ,       E   q   u   i   n   e    
0002720   I   n   f   l   u   e   n   z   a   ,       E   q   u   i   n
0002740   e       R   h   i   n   o   p   n   e   u   m   o   n   i   t
0002760   i   s       v   i   r   u   s      \n   n   u   l   l  \t   3
0003000  \t   2   0   2   1   -   0   6   -   0   3  \t   C   a   u   s
0003020   e   y  \t   d   e   n   t   a   l  \t   P   e   r   f   o   r
0003040   m   e   d       b   y       D   r       K   a   t   r   i   n
0003060   a       G   l   a   u   d   e   .       N   o   t   i   c   e
0003100   a   b   l   e       h   o   o   k   s   ,       r   i   d   g
0003120   e   s       a   n   d       s   o   m   e       u   l   c   e
0003140   r   a   t   i   o   n   s   .          \n   n   u   l   l  \t
0003160   4  \t   2   0   2   1   -   0   5   -   1   8  \t   C   a   u
0003200   s   e   y  \t   f   a   r   r   i   e   r  \t   J   e   r   r
0003220   y       H   a   r   r   i   m   a   n       n   o   t   i   c
0003240   e   d       w   h   i   t   e       l   i   n   e       d   i
0003260   s   e   a   s   e  \n   n   u   l   l  \t   4  \t   2   0   2
0003300   1   -   0   5   -   2   5  \t   C   a   u   s   e   y  \t   v
0003320   a   c   c   i   n   a   t   i   o   n   s  \t   F   L   A   V
0003340   A   -   D   e   n   n   i   s       R   u   c   k   s   z   n
0003360   i   s   :       R   a   b   i   e   s   ,       T   e   t   a
0003400   n   u   s   ,       E   a   s   t   e   r   n   /   W   e   s
0003420   t   e   r   n       E   q   u   i   n   e       e   n   c   e
0003440   p   h   a   l   i   t   i   s   ,       W   e   s   t       N
0003460   i   l   e       v   i   r   u   s   ,       E   q   u   i   n
0003500   e       I   n   f   l   u   e   n   z   a   ,       E   q   u
0003520   i   n   e       R   h   i   n   o   p   n   e   u   m   o   n
0003540   i   t   i   s       v   i   r   u   s      \n   n   u   l   l
0003560  \t   5  \t   2   0   2   1   -   0   5   -   1   8  \t   C   a
0003600   u   s   e   y  \t   f   a   r   r   i   e   r  \t   J   e   r
0003620   r   y       H   a   r   r   i   m   a   n       n   o   t   i
0003640   c   e   d       w   h   i   t   e       l   i   n   e       d
0003660   i   s   e   a   s   e  \n   n   u   l   l  \t   5  \t   2   0
0003700   2   1   -   0   5   -   2   5  \t   C   a   u   s   e   y  \t
0003720   v   a   c   c   i   n   a   t   i   o   n   s  \t   F   L   A
0003740   V   A   -   D   e   n   n   i   s       R   u   c   k   s   z
0003760   n   i   s   :       R   a   b   i   e   s   ,       T   e   t
0004000   a   n   u   s   ,       E   a   s   t   e   r   n   /   W   e
0004020   s   t   e   r   n       E   q   u   i   n   e       e   n   c
0004040   e   p   h   a   l   i   t   i   s   ,       W   e   s   t    
0004060   N   i   l   e       v   i   r   u   s   ,       E   q   u   i
0004100   n   e       I   n   f   l   u   e   n   z   a   ,       E   q
0004120   u   i   n   e       R   h   i   n   o   p   n   e   u   m   o
0004140   n   i   t   i   s       v   i   r   u   s      \n   n   u   l
0004160   l  \t   6  \t   2   0   2   1   -   0   5   -   1   8  \t   C
0004200   a   u   s   e   y  \t   f   a   r   r   i   e   r  \t   J   e
0004220   r   r   y       H   a   r   r   i   m   a   n       n   o   t
0004240   i   c   e   d       w   h   i   t   e       l   i   n   e    
0004260   d   i   s   e   a   s   e  \n   n   u   l   l  \t   6  \t   2
0004300   0   2   1   -   0   5   -   2   5  \t   C   a   u   s   e   y
0004320  \t   v   a   c   c   i   n   a   t   i   o   n   s  \t   F   L
0004340   A   V   A   -   D   e   n   n   i   s       R   u   c   k   s
0004360   z   n   i   s   :       R   a   b   i   e   s   ,       T   e
0004400   t   a   n   u   s   ,       E   a   s   t   e   r   n   /   W
0004420   e   s   t   e   r   n       E   q   u   i   n   e       e   n
0004440   c   e   p   h   a   l   i   t   i   s   ,       W   e   s   t
0004460       N   i   l   e       v   i   r   u   s   ,       E   q   u
0004500   i   n   e       I   n   f   l   u   e   n   z   a   ,       E
0004520   q   u   i   n   e       R   h   i   n   o   p   n   e   u   m
0004540   o   n   i   t   i   s       v   i   r   u   s      \n   n   u
0004560   l   l  \t   7  \t   2   0   2   1   -   0   5   -   1   8  \t
0004600   C   a   u   s   e   y  \t   f   a   r   r   i   e   r  \t   J
0004620   e   r   r   y       H   a   r   r   i   m   a   n       n   o
0004640   t   i   c   e   d       w   h   i   t   e       l   i   n   e
0004660       d   i   s   e   a   s   e  \n   n   u   l   l  \t   7  \t
0004700   2   0   2   1   -   0   5   -   2   5  \t   C   a   u   s   e
0004720   y  \t   v   a   c   c   i   n   a   t   i   o   n   s  \t   F
0004740   L   A   V   A   -   D   e   n   n   i   s       R   u   c   k
0004760   s   z   n   i   s   :       R   a   b   i   e   s   ,       T
0005000   e   t   a   n   u   s   ,       E   a   s   t   e   r   n   /
0005020   W   e   s   t   e   r   n       E   q   u   i   n   e       e
0005040   n   c   e   p   h   a   l   i   t   i   s   ,       W   e   s
0005060   t       N   i   l   e       v   i   r   u   s   ,       E   q
0005100   u   i   n   e       I   n   f   l   u   e   n   z   a   ,    
0005120   E   q   u   i   n   e       R   h   i   n   o   p   n   e   u
0005140   m   o   n   i   t   i   s       v   i   r   u   s      \n   n
0005160   u   l   l  \t   8  \t   2   0   2   1   -   0   5   -   2   5
0005200  \t   C   a   u   s   e   y  \t   f   a   r   r   i   e   r  \t
0005220   J   e   r   r   y       H   a   r   r   i   m   a   n       n
0005240   o   t   i   c   e   d       w   h   i   t   e       l   i   n
0005260   e       d   i   s   e   a   s   e  \n   n   u   l   l  \t   8
0005300  \t   2   0   2   1   -   0   5   -   2   5  \t   C   a   u   s
0005320   e   y  \t   v   a   c   c   i   n   a   t   i   o   n   s  \t
0005340   F   L   A   V   A   -   D   e   n   n   i   s       R   u   c
0005360   k   s   z   n   i   s   :       R   a   b   i   e   s   ,    
0005400   T   e   t   a   n   u   s   ,       E   a   s   t   e   r   n
0005420   /   W   e   s   t   e   r   n       E   q   u   i   n   e    
0005440   e   n   c   e   p   h   a   l   i   t   i   s   ,       W   e
0005460   s   t       N   i   l   e       v   i   r   u   s   ,       E
0005500   q   u   i   n   e       I   n   f   l   u   e   n   z   a   ,
0005520       E   q   u   i   n   e       R   h   i   n   o   p   n   e
0005540   u   m   o   n   i   t   i   s       v   i   r   u   s      \n
0005560   n   u   l   l  \t   9  \t   2   0   2   1   -   0   5   -   2
0005600   5  \t   C   a   u   s   e   y  \t   f   a   r   r   i   e   r
0005620  \t   J   e   r   r   y       H   a   r   r   i   m   a   n    
0005640   n   o   t   i   c   e   d       w   h   i   t   e       l   i
0005660   n   e       d   i   s   e   a   s   e  \n   n   u   l   l  \t
0005700   9  \t   2   0   2   1   -   0   5   -   2   5  \t   C   a   u
0005720   s   e   y  \t   v   a   c   c   i   n   a   t   i   o   n   s
0005740  \t   F   L   A   V   A   -   D   e   n   n   i   s       R   u
0005760   c   k   s   z   n   i   s   :       R   a   b   i   e   s   ,
0006000       T   e   t   a   n   u   s   ,       E   a   s   t   e   r
0006020   n   /   W   e   s   t   e   r   n       E   q   u   i   n   e
0006040       e   n   c   e   p   h   a   l   i   t   i   s   ,       W
0006060   e   s   t       N   i   l   e       v   i   r   u   s   ,    
0006100   E   q   u   i   n   e       I   n   f   l   u   e   n   z   a
0006120   ,       E   q   u   i   n   e       R   h   i   n   o   p   n
0006140   e   u   m   o   n   i   t   i   s       v   i   r   u   s    
0006160  \n   n   u   l   l  \t   1   0  \t   2   0   2   1   -   0   5
0006200   -   2   5  \t   C   a   u   s   e   y  \t   f   a   r   r   i
0006220   e   r  \t   J   e   r   r   y       H   a   r   r   i   m   a
0006240   n       n   o   t   i   c   e   d       w   h   i   t   e    
0006260   l   i   n   e       d   i   s   e   a   s   e  \n   n   u   l
0006300   l  \t   1   0  \t   2   0   2   1   -   0   5   -   2   5  \t
0006320   C   a   u   s   e   y  \t   v   a   c   c   i   n   a   t   i
0006340   o   n   s  \t   F   L   A   V   A   -   D   e   n   n   i   s
0006360       R   u   c   k   s   z   n   i   s   :       R   a   b   i
0006400   e   s   ,       T   e   t   a   n   u   s   ,       E   a   s
0006420   t   e   r   n   /   W   e   s   t   e   r   n       E   q   u
0006440   i   n   e       e   n   c   e   p   h   a   l   i   t   i   s
0006460   ,       W   e   s   t       N   i   l   e       v   i   r   u
0006500   s   ,       E   q   u   i   n   e       I   n   f   l   u   e
0006520   n   z   a   ,       E   q   u   i   n   e       R   h   i   n
0006540   o   p   n   e   u   m   o   n   i   t   i   s       v   i   r
0006560   u   s      \n   n   u   l   l  \t   1   1  \t   2   0   2   1
0006600   -   0   5   -   2   5  \t   C   a   u   s   e   y  \t   f   a
0006620   r   r   i   e   r  \t   J   e   r   r   y       H   a   r   r
0006640   i   m   a   n       n   o   t   i   c   e   d       w   h   i
0006660   t   e       l   i   n   e       d   i   s   e   a   s   e  \n
0006700   n   u   l   l  \t   1   1  \t   2   0   2   1   -   0   5   -
0006720   2   5  \t   C   a   u   s   e   y  \t   v   a   c   c   i   n
0006740   a   t   i   o   n   s  \t   F   L   A   V   A   -   D   e   n
0006760   n   i   s       R   u   c   k   s   z   n   i   s   :       R
0007000   a   b   i   e   s   ,       T   e   t   a   n   u   s   ,    
0007020   E   a   s   t   e   r   n   /   W   e   s   t   e   r   n    
0007040   E   q   u   i   n   e       e   n   c   e   p   h   a   l   i
0007060   t   i   s   ,       W   e   s   t       N   i   l   e       v
0007100   i   r   u   s   ,       E   q   u   i   n   e       I   n   f
0007120   l   u   e   n   z   a   ,       E   q   u   i   n   e       R
0007140   h   i   n   o   p   n   e   u   m   o   n   i   t   i   s    
0007160   v   i   r   u   s      \n  \n  \n
0007171
[robert@localhost horsebarn2]$ %%%mysqlimport --local horsebarn2 avs303.txt -u root -p   %%%
bash: fg: %%%mysqlimport: no such job
[robert@localhost horsebarn2]$ mysqlimport --local horsebarn2 events.txt -u root -p 
Enter password: 
mysqlimport: Error: 3948, Loading local data is disabled; this must be enabled on both the client and server sides, when using table: events
[robert@localhost horsebarn2]$ ls ..
20210614_console.txt  horsebarn2  insert_data_from_another_table.txt  menagerie  mysqldump.txt  mysqlimport.txt  test_db.sql
[robert@localhost horsebarn2]$ mysqlimport --local horsebarn2 events.txt -u root -p 
Enter password: 
horsebarn2.events: Records: 26  Deleted: 0  Skipped: 0  Warnings: 60
[robert@localhost horsebarn2]$ ls
avs196.txt  avs303.txt  avs397.txt  events.txt  horsebarn2.sql  staff.txt  summer2021.txt
[robert@localhost horsebarn2]$ cd ..
[robert@localhost mysql_robert]$ ls
20210614_console.txt  horsebarn2  insert_data_from_another_table.txt  menagerie  mysqldump.txt  mysqlimport.txt  test_db.sql
[robert@localhost mysql_robert]$ cat mysqldump.txt
mysql> USE horsebarn2;
Reading table information for completion of table and column names
You can turn off this feature to get a quicker startup with -A

Database changed
mysql> SHOW TABLES;
+----------------------+
| Tables_in_horsebarn2 |
+----------------------+
| avs196               |
| avs303               |
| avs397               |
| donors               |
| events               |
| horses               |
| physicalexams        |
| reporters            |
| staff                |
| summer2021           |
+----------------------+
10 rows in set (0.00 sec)

mysql> EXIT
Bye
[robert@localhost mysql_robert]$ mysqldump -u root -p horsebarn2 > horsebarn2.sql
Enter password: 
[robert@localhost mysql_robert]$ cat horsebarn2.sql 
-- MySQL dump 10.13  Distrib 8.0.25, for Linux (x86_64)
--
-- Host: localhost    Database: horsebarn2
-- ------------------------------------------------------
-- Server version	8.0.25

/*!40101 SET @OLD_CHARACTER_SET_CLIENT=@@CHARACTER_SET_CLIENT */;
/*!40101 SET @OLD_CHARACTER_SET_RESULTS=@@CHARACTER_SET_RESULTS */;
/*!40101 SET @OLD_COLLATION_CONNECTION=@@COLLATION_CONNECTION */;
/*!50503 SET NAMES utf8mb4 */;
/*!40103 SET @OLD_TIME_ZONE=@@TIME_ZONE */;
/*!40103 SET TIME_ZONE='+00:00' */;
/*!40014 SET @OLD_UNIQUE_CHECKS=@@UNIQUE_CHECKS, UNIQUE_CHECKS=0 */;
/*!40014 SET @OLD_FOREIGN_KEY_CHECKS=@@FOREIGN_KEY_CHECKS, FOREIGN_KEY_CHECKS=0 */;
/*!40101 SET @OLD_SQL_MODE=@@SQL_MODE, SQL_MODE='NO_AUTO_VALUE_ON_ZERO' */;
/*!40111 SET @OLD_SQL_NOTES=@@SQL_NOTES, SQL_NOTES=0 */;

--
-- Table structure for table `avs196`
--

DROP TABLE IF EXISTS `avs196`;
/*!40101 SET @saved_cs_client     = @@character_set_client */;
/*!50503 SET character_set_client = utf8mb4 */;
CREATE TABLE `avs196` (
  `student_id` varchar(10) DEFAULT NULL,
  `name` varchar(30) DEFAULT NULL,
  `phone` varchar(12) DEFAULT NULL,
  `email` varchar(40) DEFAULT NULL,
  `class` varchar(20) DEFAULT NULL
) ENGINE=InnoDB DEFAULT CHARSET=utf8mb4 COLLATE=utf8mb4_0900_ai_ci;
/*!40101 SET character_set_client = @saved_cs_client */;

--
-- Dumping data for table `avs196`
--

LOCK TABLES `avs196` WRITE;
/*!40000 ALTER TABLE `avs196` DISABLE KEYS */;
INSERT INTO `avs196` VALUES ('1043887','Martin,Abi J','207/930-5436','abigail.j.martin@maine.edu','AVS196'),('0050479','McGregor,Mary M','815/245-5993','mary.m.mcgregor@maine.edu','AVS196');
/*!40000 ALTER TABLE `avs196` ENABLE KEYS */;
UNLOCK TABLES;

--
-- Table structure for table `avs303`
--

DROP TABLE IF EXISTS `avs303`;
/*!40101 SET @saved_cs_client     = @@character_set_client */;
/*!50503 SET character_set_client = utf8mb4 */;
CREATE TABLE `avs303` (
  `student_id` varchar(10) DEFAULT NULL,
  `name` varchar(30) DEFAULT NULL,
  `phone` varchar(12) DEFAULT NULL,
  `email` varchar(40) DEFAULT NULL,
  `class` varchar(20) DEFAULT NULL
) ENGINE=InnoDB DEFAULT CHARSET=utf8mb4 COLLATE=utf8mb4_0900_ai_ci;
/*!40101 SET character_set_client = @saved_cs_client */;

--
-- Dumping data for table `avs303`
--

LOCK TABLES `avs303` WRITE;
/*!40000 ALTER TABLE `avs303` DISABLE KEYS */;
INSERT INTO `avs303` VALUES ('1141763','Bijjani,Gabriella','978/701-5841','gabriella.bijjani@maine.edu','AVS303'),('1022893','Durkee,Olivia C','207/692-3352','olivia.durkee@maine.edu','AVS303'),('0050479','McGregor,Mary M','815/245-5993','mary.m.mcgregor@maine.edu','AVS303'),('1049058','Owen,Sydney B ','352/613-9015','sydney.b.owen@maine.edu','AVS303'),('1079458','Schnaitmann,Elizabeth M','203/445-3311','elizabeth.schnaitmann@maine.edu','AVS303'),('1115131','Starks,Lauren','207/852-6270','lauren.starks@maine.edu','AVS303');
/*!40000 ALTER TABLE `avs303` ENABLE KEYS */;
UNLOCK TABLES;

--
-- Table structure for table `avs397`
--

DROP TABLE IF EXISTS `avs397`;
/*!40101 SET @saved_cs_client     = @@character_set_client */;
/*!50503 SET character_set_client = utf8mb4 */;
CREATE TABLE `avs397` (
  `student_id` varchar(10) DEFAULT NULL,
  `name` varchar(30) DEFAULT NULL,
  `phone` varchar(12) DEFAULT NULL,
  `email` varchar(40) DEFAULT NULL,
  `class` varchar(20) DEFAULT NULL
) ENGINE=InnoDB DEFAULT CHARSET=utf8mb4 COLLATE=utf8mb4_0900_ai_ci;
/*!40101 SET character_set_client = @saved_cs_client */;

--
-- Dumping data for table `avs397`
--

LOCK TABLES `avs397` WRITE;
/*!40000 ALTER TABLE `avs397` DISABLE KEYS */;
INSERT INTO `avs397` VALUES ('1009599','Banks,Grace','207/240-7431','grace.banks@maine.edu','AVS397-EMP'),('1141763','Bijjani,Gabriella','978/701-5841','gabriella.bijjani@maine.edu','AVS397-EMP'),('1048159','Dau,Alyssa M','207/381-6148','alyssa.dau@maine.edu','AVS397-EMP'),('1051854','Dube,Bryanna M','207/735-6337','bryanna.dube@maine.edu','AVS397-EMP'),('1012520','Horvath,Cleo,Anastasia','201/686-6517','cleo.horvath@maine.edu','AVS397-EMP'),('0957889','Overturf,Tuuli V','802/551-1371','tuuli.overturf@maine.edu','AVS397-EMP'),('1022401','Parke,Jayci N','207/852-6997','jayci.parke@maine.edu','AVS397-EMP'),('0992890','Piatt,Max Elizabeth','207/679-7341','maxine.piatt@maine.edu','AVS397-EMP'),('1081186','Wood,Cassondra M','207/616-8175','cassondra.wood@maine.edu','AVS397-EMP');
/*!40000 ALTER TABLE `avs397` ENABLE KEYS */;
UNLOCK TABLES;

--
-- Table structure for table `donors`
--

DROP TABLE IF EXISTS `donors`;
/*!40101 SET @saved_cs_client     = @@character_set_client */;
/*!50503 SET character_set_client = utf8mb4 */;
CREATE TABLE `donors` (
  `donor_id` mediumint unsigned NOT NULL AUTO_INCREMENT,
  `first_name` varchar(30) NOT NULL,
  `last_name` varchar(30) NOT NULL,
  `donor_since` date NOT NULL,
  PRIMARY KEY (`donor_id`),
  UNIQUE KEY `first_name` (`first_name`),
  UNIQUE KEY `last_name` (`last_name`)
) ENGINE=InnoDB DEFAULT CHARSET=utf8mb4 COLLATE=utf8mb4_0900_ai_ci;
/*!40101 SET character_set_client = @saved_cs_client */;

--
-- Dumping data for table `donors`
--

LOCK TABLES `donors` WRITE;
/*!40000 ALTER TABLE `donors` DISABLE KEYS */;
/*!40000 ALTER TABLE `donors` ENABLE KEYS */;
UNLOCK TABLES;

--
-- Table structure for table `events`
--

DROP TABLE IF EXISTS `events`;
/*!40101 SET @saved_cs_client     = @@character_set_client */;
/*!50503 SET character_set_client = utf8mb4 */;
CREATE TABLE `events` (
  `event_id` mediumint unsigned NOT NULL AUTO_INCREMENT,
  `horse_id` mediumint unsigned NOT NULL,
  `date_reported` datetime NOT NULL,
  `event` enum('narrative','physical_exam','lameness_exam','dental','de-worming','vaccinations','farrier','labtest') NOT NULL DEFAULT 'narrative',
  `reporter_id` mediumint unsigned NOT NULL,
  PRIMARY KEY (`event_id`),
  KEY `horse_id` (`horse_id`),
  KEY `date_reported` (`date_reported`),
  KEY `reporter_id` (`reporter_id`)
) ENGINE=InnoDB DEFAULT CHARSET=utf8mb4 COLLATE=utf8mb4_0900_ai_ci;
/*!40101 SET character_set_client = @saved_cs_client */;

--
-- Dumping data for table `events`
--

LOCK TABLES `events` WRITE;
/*!40000 ALTER TABLE `events` DISABLE KEYS */;
/*!40000 ALTER TABLE `events` ENABLE KEYS */;
UNLOCK TABLES;

--
-- Table structure for table `horses`
--

DROP TABLE IF EXISTS `horses`;
/*!40101 SET @saved_cs_client     = @@character_set_client */;
/*!50503 SET character_set_client = utf8mb4 */;
CREATE TABLE `horses` (
  `horse_id` mediumint unsigned NOT NULL AUTO_INCREMENT,
  `barn_name` varchar(20) NOT NULL,
  `reg_name` varchar(20) NOT NULL,
  `sex` enum('mare','gelding','colt','filly','stallion','cryptorchid','intersex') DEFAULT NULL,
  `color` enum('bay','brown','black','grey','buckskin','chesnut','roan','palomino','cremello','appaloosa','pinto','skewbald','piebald','tobiano','overo','dun','white') DEFAULT NULL,
  `face_markings` text,
  `body_markings` text,
  `leg_markings` text,
  `tattoo` text,
  `donor_id` mediumint unsigned NOT NULL,
  `date_received` date NOT NULL,
  `date_of_birth` date NOT NULL,
  PRIMARY KEY (`horse_id`),
  UNIQUE KEY `barn_name` (`barn_name`),
  UNIQUE KEY `reg_name` (`reg_name`),
  KEY `donor_id` (`donor_id`)
) ENGINE=InnoDB AUTO_INCREMENT=12 DEFAULT CHARSET=utf8mb4 COLLATE=utf8mb4_0900_ai_ci;
/*!40101 SET character_set_client = @saved_cs_client */;

--
-- Dumping data for table `horses`
--

LOCK TABLES `horses` WRITE;
/*!40000 ALTER TABLE `horses` DISABLE KEYS */;
INSERT INTO `horses` VALUES (1,'Bliss','Blisstex','mare','brown','big beautiful star','none','none','T1911',1,'1927-06-25','1927-06-25'),(2,'Francis','Upwind Benchmark','gelding','buckskin','star','none','none','XXX',2,'1927-06-25','1927-06-25'),(3,'Dixie','Dixie Road Jazz','mare','bay','crescent moon','none','none','XXX',2,'1927-06-25','1927-06-25'),(4,'Sara','Saranaud','mare','bay','none','none','white pastern right front','XXX',2,'1927-06-25','1927-06-25'),(5,'Laney','Strainght n Narrow','mare','bay','star','dapples','white pastern right rear','XXX',2,'1927-06-25','1927-06-25'),(6,'Blue','Lahars Baby Blue','mare','bay','none','none','white pasterns right and left rear','XXX',3,'1927-06-25','1927-06-25'),(7,'Diva','Pembroke Diva','mare','bay','none','none','white pastern right rear','XXX',4,'1927-06-25','1927-06-25'),(8,'Suzie','Pembroke Suzie','mare','bay','none','none','three white pasterns: left front, lect rear, and right rear','XXX',4,'1927-06-25','1927-06-25'),(9,'Whitey','Pembroke Whiteout','mare','grey','none','flea-bitten grey','pinfiring over medial splint bones','XXX',4,'1927-06-25','1927-06-25'),(10,'Gina','Foxridge Gina','mare','black','star','none','pinfiring over rear of hocks','XXX',5,'1927-06-25','1927-06-25'),(11,'Roadshow','Roadshow Hall','stallion','bay','star strip and snip','','pinfiring','XXX',2,'1927-06-25','1927-06-25');
/*!40000 ALTER TABLE `horses` ENABLE KEYS */;
UNLOCK TABLES;

--
-- Table structure for table `physicalexams`
--

DROP TABLE IF EXISTS `physicalexams`;
/*!40101 SET @saved_cs_client     = @@character_set_client */;
/*!50503 SET character_set_client = utf8mb4 */;
CREATE TABLE `physicalexams` (
  `pe_id` mediumint unsigned NOT NULL AUTO_INCREMENT,
  `event_id` mediumint unsigned NOT NULL,
  `horse_id` mediumint unsigned NOT NULL,
  `date_reported` datetime NOT NULL,
  `reporter_id` mediumint unsigned NOT NULL,
  `narrative` text,
  `bcs_1_5` float(2,1) DEFAULT NULL,
  `crt` enum('<1','<1.5','>1.5') DEFAULT NULL,
  `mmfeel` enum('moist','dry','tacky','slimy') DEFAULT NULL,
  `mmcolor` enum('pink','pale','red','injected','hemorrhage','tattoo','pigmented','grey','purple','yellow') DEFAULT NULL,
  `mm_other` text,
  `dh_test` enum('+','-') DEFAULT NULL,
  `temp` float DEFAULT NULL,
  `pulse` tinyint unsigned DEFAULT NULL,
  `resp` tinyint unsigned DEFAULT NULL,
  `resp_other` text,
  `dplf` enum('-','+','++') DEFAULT NULL,
  `dprf` enum('-','+','++') DEFAULT NULL,
  `dplh` enum('-','+','++') DEFAULT NULL,
  `dprh` enum('-','+','++') DEFAULT NULL,
  `dp_other` text,
  `gstl` enum('-','+','++') DEFAULT NULL,
  `gsbl` enum('-','+','++') DEFAULT NULL,
  `gstr` enum('-','+','++') DEFAULT NULL,
  `gsbr` enum('-','+','++') DEFAULT NULL,
  `gs_other` text,
  PRIMARY KEY (`pe_id`),
  KEY `event_id` (`event_id`),
  KEY `horse_id` (`horse_id`),
  KEY `date_reported` (`date_reported`),
  KEY `reporter_id` (`reporter_id`)
) ENGINE=InnoDB DEFAULT CHARSET=utf8mb4 COLLATE=utf8mb4_0900_ai_ci;
/*!40101 SET character_set_client = @saved_cs_client */;

--
-- Dumping data for table `physicalexams`
--

LOCK TABLES `physicalexams` WRITE;
/*!40000 ALTER TABLE `physicalexams` DISABLE KEYS */;
/*!40000 ALTER TABLE `physicalexams` ENABLE KEYS */;
UNLOCK TABLES;

--
-- Table structure for table `reporters`
--

DROP TABLE IF EXISTS `reporters`;
/*!40101 SET @saved_cs_client     = @@character_set_client */;
/*!50503 SET character_set_client = utf8mb4 */;
CREATE TABLE `reporters` (
  `reporter_id` mediumint unsigned NOT NULL AUTO_INCREMENT,
  `first_name` varchar(30) NOT NULL,
  `last_name` varchar(30) NOT NULL,
  `reporter_since` date NOT NULL,
  PRIMARY KEY (`reporter_id`),
  UNIQUE KEY `first_name` (`first_name`),
  UNIQUE KEY `last_name` (`last_name`)
) ENGINE=InnoDB DEFAULT CHARSET=utf8mb4 COLLATE=utf8mb4_0900_ai_ci;
/*!40101 SET character_set_client = @saved_cs_client */;

--
-- Dumping data for table `reporters`
--

LOCK TABLES `reporters` WRITE;
/*!40000 ALTER TABLE `reporters` DISABLE KEYS */;
/*!40000 ALTER TABLE `reporters` ENABLE KEYS */;
UNLOCK TABLES;

--
-- Table structure for table `staff`
--

DROP TABLE IF EXISTS `staff`;
/*!40101 SET @saved_cs_client     = @@character_set_client */;
/*!50503 SET character_set_client = utf8mb4 */;
CREATE TABLE `staff` (
  `student_id` varchar(10) DEFAULT NULL,
  `name` varchar(30) DEFAULT NULL,
  `phone` varchar(12) DEFAULT NULL,
  `email` varchar(40) DEFAULT NULL,
  `class` varchar(20) DEFAULT NULL
) ENGINE=InnoDB DEFAULT CHARSET=utf8mb4 COLLATE=utf8mb4_0900_ai_ci;
/*!40101 SET character_set_client = @saved_cs_client */;

--
-- Dumping data for table `staff`
--

LOCK TABLES `staff` WRITE;
/*!40000 ALTER TABLE `staff` DISABLE KEYS */;
INSERT INTO `staff` VALUES ('-------','Causey, Robert C','207/922-7475','rcausey@maine.edu ','Faculty Coordinator'),('-------','Astle, Cassie','207/610-9483','wittertraining@gmail.com','Equine Trainer');
/*!40000 ALTER TABLE `staff` ENABLE KEYS */;
UNLOCK TABLES;

--
-- Table structure for table `summer2021`
--

DROP TABLE IF EXISTS `summer2021`;
/*!40101 SET @saved_cs_client     = @@character_set_client */;
/*!50503 SET character_set_client = utf8mb4 */;
CREATE TABLE `summer2021` (
  `student_id` varchar(10) DEFAULT NULL,
  `name` varchar(30) DEFAULT NULL,
  `phone` varchar(12) DEFAULT NULL,
  `email` varchar(40) DEFAULT NULL,
  `class` varchar(20) DEFAULT NULL
) ENGINE=InnoDB DEFAULT CHARSET=utf8mb4 COLLATE=utf8mb4_0900_ai_ci;
/*!40101 SET character_set_client = @saved_cs_client */;

--
-- Dumping data for table `summer2021`
--

LOCK TABLES `summer2021` WRITE;
/*!40000 ALTER TABLE `summer2021` DISABLE KEYS */;
INSERT INTO `summer2021` VALUES ('-------','Causey, Robert C','207/922-7475','rcausey@maine.edu ','Faculty Coordinator'),('-------','Astle, Cassie','207/610-9483','wittertraining@gmail.com','Equine Trainer'),('1009599','Banks,Grace','207/240-7431','grace.banks@maine.edu','AVS397-EMP'),('1141763','Bijjani,Gabriella','978/701-5841','gabriella.bijjani@maine.edu','AVS397-EMP'),('1048159','Dau,Alyssa M','207/381-6148','alyssa.dau@maine.edu','AVS397-EMP'),('1051854','Dube,Bryanna M','207/735-6337','bryanna.dube@maine.edu','AVS397-EMP'),('1012520','Horvath,Cleo,Anastasia','201/686-6517','cleo.horvath@maine.edu','AVS397-EMP'),('0957889','Overturf,Tuuli V','802/551-1371','tuuli.overturf@maine.edu','AVS397-EMP'),('1022401','Parke,Jayci N','207/852-6997','jayci.parke@maine.edu','AVS397-EMP'),('0992890','Piatt,Max Elizabeth','207/679-7341','maxine.piatt@maine.edu','AVS397-EMP'),('1081186','Wood,Cassondra M','207/616-8175','cassondra.wood@maine.edu','AVS397-EMP'),('1141763','Bijjani,Gabriella','978/701-5841','gabriella.bijjani@maine.edu','AVS303'),('1022893','Durkee,Olivia C','207/692-3352','olivia.durkee@maine.edu','AVS303'),('0050479','McGregor,Mary M','815/245-5993','mary.m.mcgregor@maine.edu','AVS303'),('1049058','Owen,Sydney B ','352/613-9015','sydney.b.owen@maine.edu','AVS303'),('1079458','Schnaitmann,Elizabeth M','203/445-3311','elizabeth.schnaitmann@maine.edu','AVS303'),('1115131','Starks,Lauren','207/852-6270','lauren.starks@maine.edu','AVS303'),('1043887','Martin,Abi J','207/930-5436','abigail.j.martin@maine.edu','AVS196'),('0050479','McGregor,Mary M','815/245-5993','mary.m.mcgregor@maine.edu','AVS196');
/*!40000 ALTER TABLE `summer2021` ENABLE KEYS */;
UNLOCK TABLES;
/*!40103 SET TIME_ZONE=@OLD_TIME_ZONE */;

/*!40101 SET SQL_MODE=@OLD_SQL_MODE */;
/*!40014 SET FOREIGN_KEY_CHECKS=@OLD_FOREIGN_KEY_CHECKS */;
/*!40014 SET UNIQUE_CHECKS=@OLD_UNIQUE_CHECKS */;
/*!40101 SET CHARACTER_SET_CLIENT=@OLD_CHARACTER_SET_CLIENT */;
/*!40101 SET CHARACTER_SET_RESULTS=@OLD_CHARACTER_SET_RESULTS */;
/*!40101 SET COLLATION_CONNECTION=@OLD_COLLATION_CONNECTION */;
/*!40111 SET SQL_NOTES=@OLD_SQL_NOTES */;

-- Dump completed on 2021-06-14 22:20:25

[robert@localhost mysql_robert]$ cd horsebarn2/
[robert@localhost horsebarn2]$ ls
avs196.txt  avs303.txt  avs397.txt  events.txt  horsebarn2.sql  staff.txt  summer2021.txt
[robert@localhost horsebarn2]$ mysqldump -u root -p horsebarn2 > horsebarn2.sql 
Enter password: 
[robert@localhost horsebarn2]$ vim horsebarn2.sql
[robert@localhost horsebarn2]$ cd ../../
[robert@localhost robertcausey.github.io]$ git add .
[robert@localhost robertcausey.github.io]$ git commit -m "update horsebarn2.sql"
[master 91f847a] update horsebarn2.sql
 Committer: Robert <robert@localhost.localdomain>
Your name and email address were configured automatically based
on your username and hostname. Please check that they are accurate.
You can suppress this message by setting them explicitly. Run the
following command and follow the instructions in your editor to edit
your configuration file:

    git config --global --edit

After doing this, you may fix the identity used for this commit with:

    git commit --amend --reset-author

 11 files changed, 29 insertions(+), 2 deletions(-)
 create mode 100644 AVS353/redbag.jpg
 rename mysql_robert/{ => horsebarn2}/avs196.txt (100%)
 rename mysql_robert/{ => horsebarn2}/avs303.txt (100%)
 rename mysql_robert/{ => horsebarn2}/avs397.txt (100%)
 create mode 100644 mysql_robert/horsebarn2/events.txt
 rename mysql_robert/{ => horsebarn2}/horsebarn2.sql (78%)
 rename mysql_robert/{ => horsebarn2}/staff.txt (100%)
 rename mysql_robert/{ => horsebarn2}/summer2021.txt (100%)
 rename mysql_robert/{ => menagerie}/event.txt (100%)
 rename mysql_robert/{ => menagerie}/impteat.txt (100%)
 rename mysql_robert/{ => menagerie}/pet.txt (100%)
[robert@localhost robertcausey.github.io]$ git push
Username for 'https://github.com': robert.causey@umit.maine.edu
Password for 'https://robert.causey@umit.maine.edu@github.com': 
Enumerating objects: 12, done.
Counting objects: 100% (12/12), done.
Delta compression using up to 6 threads
Compressing objects: 100% (9/9), done.
Writing objects: 100% (9/9), 71.59 KiB | 35.79 MiB/s, done.
Total 9 (delta 5), reused 0 (delta 0), pack-reused 0
remote: Resolving deltas: 100% (5/5), completed with 3 local objects.
To https://github.com/robertcausey/robertcausey.github.io
   4fafac3..91f847a  master -> master
[robert@localhost robertcausey.github.io]$ 

